
> restaurant-management-backend@1.0.0 test
> node --experimental-vm-modules ./node_modules/jest/bin/jest.js --config jest.config.cjs --coverage --runInBand

node.exe : (node:20404) ExperimentalWarning: VM Modules is an experimental 
feature and might change at any time
At line:1 char:1
+ & "C:\Program Files\nodejs/node.exe" "C:\Program Files\nodejs/node_mo ...
+ ~~~~~~~~~~~~~~~~~~~~~~~~~~~~~~~~~~~~~~~~~~~~~~~~~~~~~~~~~~~~~~~~~~~~~
    + CategoryInfo          : NotSpecified: ((node:20404) Ex...nge at any time 
   :String) [], RemoteException
    + FullyQualifiedErrorId : NativeCommandError
 
(Use `node --trace-warnings ...` to show where the warning was created)
FAIL tests/app.smoke.test.js
  ● Console

    console.log
      2026-04-11 12:04:04 [[32minfo[39m]: [32m✅ Cloudinary initialized 
successfully[39m {
        "service": "restaurant-saas-api"
      }

      at Console.log 
(node_modules/winston/lib/winston/transports/console.js:87:23)

    console.log
      2026-04-11 12:04:04 [[32minfo[39m]: [32m🔧 Maintenance service 
initialized[39m {
        "service": "restaurant-saas-api"
      }

      at Console.log 
(node_modules/winston/lib/winston/transports/console.js:87:23)

    console.log
      2026-04-11 12:04:04 [[32minfo[39m]: [32m✅ Express app configured 
successfully[39m {
        "service": "restaurant-saas-api"
      }

      at Console.log 
(node_modules/winston/lib/winston/transports/console.js:87:23)

    console.log
      2026-04-11 12:04:04 [[32minfo[39m]: [32m[2026-04-11T06:34:04.839Z] 
GET /api/health[39m {
        "service": "restaurant-saas-api"
      }

      at Console.log 
(node_modules/winston/lib/winston/transports/console.js:87:23)

    console.log
      2026-04-11 12:04:04 [[32minfo[39m]: [32m  Origin: no-origin[39m {
        "service": "restaurant-saas-api"
      }

      at Console.log 
(node_modules/winston/lib/winston/transports/console.js:87:23)

    console.log
      2026-04-11 12:04:04 [[32minfo[39m]: [32m  IP: ::ffff:127.0.0.1[39m {
        "service": "restaurant-saas-api"
      }

      at Console.log 
(node_modules/winston/lib/winston/transports/console.js:87:23)

    console.log
      2026-04-11 12:04:04 [[33mwarn[39m]: [33mRequest completed with 
error[39m {
        "service": "restaurant-saas-api",
        "method": "GET",
        "endpoint": "/api/health",
        "query": {},
        "statusCode": 403,
        "duration": "1ms",
        "userId": null,
        "restaurantId": null
      }

      at Console.log 
(node_modules/winston/lib/winston/transports/console.js:87:23)

    console.log
      2026-04-11 12:04:04 [[32minfo[39m]: [32m  Response: 403[39m {
        "service": "restaurant-saas-api"
      }

      at Console.log 
(node_modules/winston/lib/winston/transports/console.js:87:23)

    console.log
      2026-04-11 12:04:04 [[32minfo[39m]: [32m[2026-04-11T06:34:04.876Z] 
POST /api/v1/auth/login[39m {
        "service": "restaurant-saas-api"
      }

      at Console.log 
(node_modules/winston/lib/winston/transports/console.js:87:23)

    console.log
      2026-04-11 12:04:04 [[32minfo[39m]: [32m  Origin: no-origin[39m {
        "service": "restaurant-saas-api"
      }

      at Console.log 
(node_modules/winston/lib/winston/transports/console.js:87:23)

    console.log
      2026-04-11 12:04:04 [[32minfo[39m]: [32m  IP: ::ffff:127.0.0.1[39m {
        "service": "restaurant-saas-api"
      }

      at Console.log 
(node_modules/winston/lib/winston/transports/console.js:87:23)

    console.log
      2026-04-11 12:04:04 [[33mwarn[39m]: [33mValidation failed:[39m {
        "service": "restaurant-saas-api",
        "details": [
          {
            "field": "email",
            "message": "\"email\" is required"
          },
          {
            "field": "password",
            "message": "\"password\" is required"
          }
        ]
      }

      at Console.log 
(node_modules/winston/lib/winston/transports/console.js:87:23)

    console.log
      2026-04-11 12:04:04 [[33mwarn[39m]: [33mRequest completed with 
error[39m {
        "service": "restaurant-saas-api",
        "method": "POST",
        "endpoint": "/login",
        "query": {},
        "statusCode": 400,
        "duration": "5ms",
        "userId": null,
        "restaurantId": null
      }

      at Console.log 
(node_modules/winston/lib/winston/transports/console.js:87:23)

    console.log
      2026-04-11 12:04:04 [[32minfo[39m]: [32m  Response: 400[39m {
        "service": "restaurant-saas-api"
      }

      at Console.log 
(node_modules/winston/lib/winston/transports/console.js:87:23)

    console.log
      2026-04-11 12:04:04 [[32minfo[39m]: [32m[2026-04-11T06:34:04.890Z] 
GET /api/v1/auth/me[39m {
        "service": "restaurant-saas-api"
      }

      at Console.log 
(node_modules/winston/lib/winston/transports/console.js:87:23)

    console.log
      2026-04-11 12:04:04 [[32minfo[39m]: [32m  Origin: no-origin[39m {
        "service": "restaurant-saas-api"
      }

      at Console.log 
(node_modules/winston/lib/winston/transports/console.js:87:23)

    console.log
      2026-04-11 12:04:04 [[32minfo[39m]: [32m  IP: ::ffff:127.0.0.1[39m {
        "service": "restaurant-saas-api"
      }

      at Console.log 
(node_modules/winston/lib/winston/transports/console.js:87:23)

    console.log
      2026-04-11 12:04:04 [[33mwarn[39m]: [33mRequest completed with 
error[39m {
        "service": "restaurant-saas-api",
        "method": "GET",
        "endpoint": "/api/v1/auth/me",
        "query": {},
        "statusCode": 403,
        "duration": "0ms",
        "userId": null,
        "restaurantId": null
      }

      at Console.log 
(node_modules/winston/lib/winston/transports/console.js:87:23)

    console.log
      2026-04-11 12:04:04 [[32minfo[39m]: [32m  Response: 403[39m {
        "service": "restaurant-saas-api"
      }

      at Console.log 
(node_modules/winston/lib/winston/transports/console.js:87:23)

    console.log
      2026-04-11 12:04:04 [[32minfo[39m]: [32m[2026-04-11T06:34:04.902Z] 
GET /api/v1/auth/me[39m {
        "service": "restaurant-saas-api"
      }

      at Console.log 
(node_modules/winston/lib/winston/transports/console.js:87:23)

    console.log
      2026-04-11 12:04:04 [[32minfo[39m]: [32m  Origin: no-origin[39m {
        "service": "restaurant-saas-api"
      }

      at Console.log 
(node_modules/winston/lib/winston/transports/console.js:87:23)

    console.log
      2026-04-11 12:04:04 [[32minfo[39m]: [32m  IP: ::ffff:127.0.0.1[39m {
        "service": "restaurant-saas-api"
      }

      at Console.log 
(node_modules/winston/lib/winston/transports/console.js:87:23)

    console.log
      2026-04-11 12:04:04 [[32minfo[39m]: [32mAPI HIT: GET /auth/me - User: 
${req.user.id}[39m {
        "service": "restaurant-saas-api"
      }

      at Console.log 
(node_modules/winston/lib/winston/transports/console.js:87:23)

    console.log
      2026-04-11 12:04:04 [[31merror[39m]: [31mUnhandled Error: User 
account not found[39m {
        "service": "restaurant-saas-api",
        "stack": "Error: User account not found\n    at 
AuthService.getCurrentUserProfile (D:\\Projects\\restaurent_SaaS\\backend\\src\
\services\\authService.js:829:22)\n    at processTicksAndRejections 
(node:internal/process/task_queues:103:5)\n    at D:\\Projects\\restaurent_SaaS
\\backend\\src\\controllers\\authController.js:210:23",
        "path": "/api/v1/auth/me",
        "method": "GET",
        "user": "owner@example.com",
        "restaurantId": "rest-1",
        "ip": "::ffff:127.0.0.1"
      }

      at Console.log 
(node_modules/winston/lib/winston/transports/console.js:87:23)

    console.log
      2026-04-11 12:04:04 [[33mwarn[39m]: [33mRequest completed with 
error[39m {
        "service": "restaurant-saas-api",
        "method": "GET",
        "endpoint": "/api/v1/auth/me",
        "query": {},
        "statusCode": 500,
        "duration": "23ms",
        "userId": "user-1",
        "restaurantId": "rest-1"
      }

      at Console.log 
(node_modules/winston/lib/winston/transports/console.js:87:23)

    console.log
      2026-04-11 12:04:04 [[32minfo[39m]: [32m  Response: 500[39m {
        "service": "restaurant-saas-api"
      }

      at Console.log 
(node_modules/winston/lib/winston/transports/console.js:87:23)

    console.log
      2026-04-11 12:04:04 [[32minfo[39m]: [32m[2026-04-11T06:34:04.934Z] 
GET /api/v1/auth/me[39m {
        "service": "restaurant-saas-api"
      }

      at Console.log 
(node_modules/winston/lib/winston/transports/console.js:87:23)

    console.log
      2026-04-11 12:04:04 [[32minfo[39m]: [32m  Origin: no-origin[39m {
        "service": "restaurant-saas-api"
      }

      at Console.log 
(node_modules/winston/lib/winston/transports/console.js:87:23)

    console.log
      2026-04-11 12:04:04 [[32minfo[39m]: [32m  IP: ::ffff:127.0.0.1[39m {
        "service": "restaurant-saas-api"
      }

      at Console.log 
(node_modules/winston/lib/winston/transports/console.js:87:23)

    console.log
      2026-04-11 12:04:04 [[32minfo[39m]: [32mAPI HIT: GET /auth/me - User: 
${req.user.id}[39m {
        "service": "restaurant-saas-api"
      }

      at Console.log 
(node_modules/winston/lib/winston/transports/console.js:87:23)

    console.log
      2026-04-11 12:04:04 [[31merror[39m]: [31mUnhandled Error: User 
account not found[39m {
        "service": "restaurant-saas-api",
        "stack": "Error: User account not found\n    at 
AuthService.getCurrentUserProfile (D:\\Projects\\restaurent_SaaS\\backend\\src\
\services\\authService.js:829:22)\n    at processTicksAndRejections 
(node:internal/process/task_queues:103:5)\n    at D:\\Projects\\restaurent_SaaS
\\backend\\src\\controllers\\authController.js:210:23",
        "path": "/api/v1/auth/me",
        "method": "GET",
        "user": "manager@example.com",
        "restaurantId": "rest-1",
        "ip": "::ffff:127.0.0.1"
      }

      at Console.log 
(node_modules/winston/lib/winston/transports/console.js:87:23)

    console.log
      2026-04-11 12:04:04 [[33mwarn[39m]: [33mRequest completed with 
error[39m {
        "service": "restaurant-saas-api",
        "method": "GET",
        "endpoint": "/api/v1/auth/me",
        "query": {},
        "statusCode": 500,
        "duration": "3ms",
        "userId": "manager-1",
        "restaurantId": "rest-1"
      }

      at Console.log 
(node_modules/winston/lib/winston/transports/console.js:87:23)

    console.log
      2026-04-11 12:04:04 [[32minfo[39m]: [32m  Response: 500[39m {
        "service": "restaurant-saas-api"
      }

      at Console.log 
(node_modules/winston/lib/winston/transports/console.js:87:23)

    console.log
      2026-04-11 12:04:04 [[32minfo[39m]: [32m[2026-04-11T06:34:04.946Z] 
GET /api/v1/restaurants/profile[39m {
        "service": "restaurant-saas-api"
      }

      at Console.log 
(node_modules/winston/lib/winston/transports/console.js:87:23)

    console.log
      2026-04-11 12:04:04 [[32minfo[39m]: [32m  Origin: no-origin[39m {
        "service": "restaurant-saas-api"
      }

      at Console.log 
(node_modules/winston/lib/winston/transports/console.js:87:23)

    console.log
      2026-04-11 12:04:04 [[32minfo[39m]: [32m  IP: ::ffff:127.0.0.1[39m {
        "service": "restaurant-saas-api"
      }

      at Console.log 
(node_modules/winston/lib/winston/transports/console.js:87:23)

    console.log
      2026-04-11 12:04:04 [[31merror[39m]: [31mSystem access guard error: 
supabase.from(...).select(...).is is not a function[39m {
        "service": "restaurant-saas-api",
        "stack": "TypeError: supabase.from(...).select(...).is is not a 
function\n    at is (D:\\Projects\\restaurent_SaaS\\backend\\src\\middleware\\s
ystemAccess.js:61:6)\n    at fetchGlobalMaintenance (D:\\Projects\\restaurent_S
aaS\\backend\\src\\middleware\\systemAccess.js:156:7)\n    at Layer.handle [as 
handle_request] (D:\\Projects\\restaurent_SaaS\\backend\\node_modules\\express\
\lib\\router\\layer.js:95:5)\n    at trim_prefix (D:\\Projects\\restaurent_SaaS
\\backend\\node_modules\\express\\lib\\router\\index.js:328:13)\n    at D:\\Pro
jects\\restaurent_SaaS\\backend\\node_modules\\express\\lib\\router\\index.js:2
86:9\n    at router.process_params (D:\\Projects\\restaurent_SaaS\\backend\\nod
e_modules\\express\\lib\\router\\index.js:346:12)\n    at next (D:\\Projects\\r
estaurent_SaaS\\backend\\node_modules\\express\\lib\\router\\index.js:280:10)\n
    at next 
(D:\\Projects\\restaurent_SaaS\\backend\\src\\middleware\\auth.js:97:3)\n    
at Layer.handle [as handle_request] (D:\\Projects\\restaurent_SaaS\\backend\\no
de_modules\\express\\lib\\router\\layer.js:95:5)\n    at trim_prefix (D:\\Proje
cts\\restaurent_SaaS\\backend\\node_modules\\express\\lib\\router\\index.js:328
:13)\n    at D:\\Projects\\restaurent_SaaS\\backend\\node_modules\\express\\lib
\\router\\index.js:286:9\n    at router.process_params (D:\\Projects\\restauren
t_SaaS\\backend\\node_modules\\express\\lib\\router\\index.js:346:12)\n    at 
next (D:\\Projects\\restaurent_SaaS\\backend\\node_modules\\express\\lib\\route
r\\index.js:280:10)\n    at router.handle (D:\\Projects\\restaurent_SaaS\\backe
nd\\node_modules\\express\\lib\\router\\index.js:175:3)\n    at router (D:\\Pro
jects\\restaurent_SaaS\\backend\\node_modules\\express\\lib\\router\\index.js:4
7:12)\n    at Layer.handle [as handle_request] (D:\\Projects\\restaurent_SaaS\\
backend\\node_modules\\express\\lib\\router\\layer.js:95:5)\n    at 
trim_prefix (D:\\Projects\\restaurent_SaaS\\backend\\node_modules\\express\\lib
\\router\\index.js:328:13)\n    at D:\\Projects\\restaurent_SaaS\\backend\\node
_modules\\express\\lib\\router\\index.js:286:9\n    at router.process_params (D
:\\Projects\\restaurent_SaaS\\backend\\node_modules\\express\\lib\\router\\inde
x.js:346:12)\n    at next (D:\\Projects\\restaurent_SaaS\\backend\\node_modules
\\express\\lib\\router\\index.js:280:10)\n    at next (D:\\Projects\\restaurent
_SaaS\\backend\\src\\middleware\\securityEnforcement.js:333:3)\n    at 
middleware (D:\\Projects\\restaurent_SaaS\\backend\\src\\app.js:216:5)\n    at 
Layer.handle [as handle_request] (D:\\Projects\\restaurent_SaaS\\backend\\node_
modules\\express\\lib\\router\\layer.js:95:5)\n    at trim_prefix (D:\\Projects
\\restaurent_SaaS\\backend\\node_modules\\express\\lib\\router\\index.js:328:13
)\n    at D:\\Projects\\restaurent_SaaS\\backend\\node_modules\\express\\lib\\r
outer\\index.js:286:9\n    at router.process_params (D:\\Projects\\restaurent_S
aaS\\backend\\node_modules\\express\\lib\\router\\index.js:346:12)\n    at 
next (D:\\Projects\\restaurent_SaaS\\backend\\node_modules\\express\\lib\\route
r\\index.js:280:10)\n    at next (D:\\Projects\\restaurent_SaaS\\backend\\src\\
middleware\\securityEnforcement.js:263:12)\n    at middleware 
(D:\\Projects\\restaurent_SaaS\\backend\\src\\app.js:216:5)\n    at 
Layer.handle [as handle_request] (D:\\Projects\\restaurent_SaaS\\backend\\node_
modules\\express\\lib\\router\\layer.js:95:5)\n    at trim_prefix (D:\\Projects
\\restaurent_SaaS\\backend\\node_modules\\express\\lib\\router\\index.js:328:13
)\n    at D:\\Projects\\restaurent_SaaS\\backend\\node_modules\\express\\lib\\r
outer\\index.js:286:9\n    at router.process_params (D:\\Projects\\restaurent_S
aaS\\backend\\node_modules\\express\\lib\\router\\index.js:346:12)\n    at 
next (D:\\Projects\\restaurent_SaaS\\backend\\node_modules\\express\\lib\\route
r\\index.js:280:10)\n    at next (D:\\Projects\\restaurent_SaaS\\backend\\src\\
middleware\\securityEnforcement.js:257:3)\n    at middleware 
(D:\\Projects\\restaurent_SaaS\\backend\\src\\app.js:216:5)\n    at 
Layer.handle [as handle_request] (D:\\Projects\\restaurent_SaaS\\backend\\node_
modules\\express\\lib\\router\\layer.js:95:5)\n    at trim_prefix (D:\\Projects
\\restaurent_SaaS\\backend\\node_modules\\express\\lib\\router\\index.js:328:13
)\n    at D:\\Projects\\restaurent_SaaS\\backend\\node_modules\\express\\lib\\r
outer\\index.js:286:9\n    at router.process_params (D:\\Projects\\restaurent_S
aaS\\backend\\node_modules\\express\\lib\\router\\index.js:346:12)\n    at 
next (D:\\Projects\\restaurent_SaaS\\backend\\node_modules\\express\\lib\\route
r\\index.js:280:10)\n    at next (D:\\Projects\\restaurent_SaaS\\backend\\src\\
middleware\\securityEnforcement.js:191:3)\n    at middleware 
(D:\\Projects\\restaurent_SaaS\\backend\\src\\app.js:216:5)\n    at 
Layer.handle [as handle_request] (D:\\Projects\\restaurent_SaaS\\backend\\node_
modules\\express\\lib\\router\\layer.js:95:5)\n    at trim_prefix (D:\\Projects
\\restaurent_SaaS\\backend\\node_modules\\express\\lib\\router\\index.js:328:13
)\n    at D:\\Projects\\restaurent_SaaS\\backend\\node_modules\\express\\lib\\r
outer\\index.js:286:9\n    at router.process_params (D:\\Projects\\restaurent_S
aaS\\backend\\node_modules\\express\\lib\\router\\index.js:346:12)\n    at 
next (D:\\Projects\\restaurent_SaaS\\backend\\node_modules\\express\\lib\\route
r\\index.js:280:10)\n    at next (D:\\Projects\\restaurent_SaaS\\backend\\src\\
middleware\\securityEnforcement.js:153:3)\n    at middleware 
(D:\\Projects\\restaurent_SaaS\\backend\\src\\app.js:216:5)\n    at 
Layer.handle [as handle_request] (D:\\Projects\\restaurent_SaaS\\backend\\node_
modules\\express\\lib\\router\\layer.js:95:5)\n    at trim_prefix (D:\\Projects
\\restaurent_SaaS\\backend\\node_modules\\express\\lib\\router\\index.js:328:13
)\n    at D:\\Projects\\restaurent_SaaS\\backend\\node_modules\\express\\lib\\r
outer\\index.js:286:9\n    at router.process_params (D:\\Projects\\restaurent_S
aaS\\backend\\node_modules\\express\\lib\\router\\index.js:346:12)\n    at 
next (D:\\Projects\\restaurent_SaaS\\backend\\node_modules\\express\\lib\\route
r\\index.js:280:10)\n    at next (D:\\Projects\\restaurent_SaaS\\backend\\src\\
middleware\\securityEnforcement.js:107:3)\n    at middleware 
(D:\\Projects\\restaurent_SaaS\\backend\\src\\app.js:216:5)\n    at 
Layer.handle [as handle_request] (D:\\Projects\\restaurent_SaaS\\backend\\node_
modules\\express\\lib\\router\\layer.js:95:5)\n    at trim_prefix (D:\\Projects
\\restaurent_SaaS\\backend\\node_modules\\express\\lib\\router\\index.js:328:13
)\n    at D:\\Projects\\restaurent_SaaS\\backend\\node_modules\\express\\lib\\r
outer\\index.js:286:9\n    at router.process_params (D:\\Projects\\restaurent_S
aaS\\backend\\node_modules\\express\\lib\\router\\index.js:346:12)\n    at 
next (D:\\Projects\\restaurent_SaaS\\backend\\node_modules\\express\\lib\\route
r\\index.js:280:10)\n    at next (D:\\Projects\\restaurent_SaaS\\backend\\src\\
middleware\\securityEnforcement.js:50:3)\n    at middleware 
(D:\\Projects\\restaurent_SaaS\\backend\\src\\app.js:216:5)\n    at 
Layer.handle [as handle_request] (D:\\Projects\\restaurent_SaaS\\backend\\node_
modules\\express\\lib\\router\\layer.js:95:5)\n    at trim_prefix (D:\\Projects
\\restaurent_SaaS\\backend\\node_modules\\express\\lib\\router\\index.js:328:13
)\n    at D:\\Projects\\restaurent_SaaS\\backend\\node_modules\\express\\lib\\r
outer\\index.js:286:9\n    at router.process_params (D:\\Projects\\restaurent_S
aaS\\backend\\node_modules\\express\\lib\\router\\index.js:346:12)\n    at 
next (D:\\Projects\\restaurent_SaaS\\backend\\node_modules\\express\\lib\\route
r\\index.js:280:10)\n    at next (D:\\Projects\\restaurent_SaaS\\backend\\src\\
middleware\\dataIsolation.js:33:3)\n    at dataIsolationMiddleware 
(D:\\Projects\\restaurent_SaaS\\backend\\src\\app.js:200:3)\n    at 
Layer.handle [as handle_request] (D:\\Projects\\restaurent_SaaS\\backend\\node_
modules\\express\\lib\\router\\layer.js:95:5)\n    at trim_prefix (D:\\Projects
\\restaurent_SaaS\\backend\\node_modules\\express\\lib\\router\\index.js:328:13
)\n    at D:\\Projects\\restaurent_SaaS\\backend\\node_modules\\express\\lib\\r
outer\\index.js:286:9\n    at router.process_params (D:\\Projects\\restaurent_S
aaS\\backend\\node_modules\\express\\lib\\router\\index.js:346:12)\n    at 
next (D:\\Projects\\restaurent_SaaS\\backend\\node_modules\\express\\lib\\route
r\\index.js:280:10)\n    at next 
(D:\\Projects\\restaurent_SaaS\\backend\\src\\middleware\\auth.js:63:5)\n    
at authMiddleware 
(D:\\Projects\\restaurent_SaaS\\backend\\src\\app.js:185:3)\n    at 
Layer.handle [as handle_request] (D:\\Projects\\restaurent_SaaS\\backend\\node_
modules\\express\\lib\\router\\layer.js:95:5)\n    at trim_prefix (D:\\Projects
\\restaurent_SaaS\\backend\\node_modules\\express\\lib\\router\\index.js:328:13
)\n    at D:\\Projects\\restaurent_SaaS\\backend\\node_modules\\express\\lib\\r
outer\\index.js:286:9\n    at router.process_params (D:\\Projects\\restaurent_S
aaS\\backend\\node_modules\\express\\lib\\router\\index.js:346:12)\n    at 
next (D:\\Projects\\restaurent_SaaS\\backend\\node_modules\\express\\lib\\route
r\\index.js:280:10)\n    at next (D:\\Projects\\restaurent_SaaS\\backend\\src\\
utils\\sqlInjectionPrevention.js:183:3)\n    at Layer.handle [as 
handle_request] (D:\\Projects\\restaurent_SaaS\\backend\\node_modules\\express\
\lib\\router\\layer.js:95:5)\n    at trim_prefix (D:\\Projects\\restaurent_SaaS
\\backend\\node_modules\\express\\lib\\router\\index.js:328:13)\n    at D:\\Pro
jects\\restaurent_SaaS\\backend\\node_modules\\express\\lib\\router\\index.js:2
86:9\n    at router.process_params (D:\\Projects\\restaurent_SaaS\\backend\\nod
e_modules\\express\\lib\\router\\index.js:346:12)\n    at next (D:\\Projects\\r
estaurent_SaaS\\backend\\node_modules\\express\\lib\\router\\index.js:280:10)\n
    at next (D:\\Projects\\restaurent_SaaS\\backend\\src\\utils\\sqlInjectionPr
evention.js:159:3)\n    at Layer.handle [as handle_request] (D:\\Projects\\rest
aurent_SaaS\\backend\\node_modules\\express\\lib\\router\\layer.js:95:5)\n    
at trim_prefix (D:\\Projects\\restaurent_SaaS\\backend\\node_modules\\express\\
lib\\router\\index.js:328:13)\n    at D:\\Projects\\restaurent_SaaS\\backend\\n
ode_modules\\express\\lib\\router\\index.js:286:9\n    at 
router.process_params (D:\\Projects\\restaurent_SaaS\\backend\\node_modules\\ex
press\\lib\\router\\index.js:346:12)\n    at next (D:\\Projects\\restaurent_Saa
S\\backend\\node_modules\\express\\lib\\router\\index.js:280:10)\n    at next 
(D:\\Projects\\restaurent_SaaS\\backend\\src\\app.js:160:3)\n    at 
Layer.handle [as handle_request] (D:\\Projects\\restaurent_SaaS\\backend\\node_
modules\\express\\lib\\router\\layer.js:95:5)\n    at trim_prefix (D:\\Projects
\\restaurent_SaaS\\backend\\node_modules\\express\\lib\\router\\index.js:328:13
)\n    at D:\\Projects\\restaurent_SaaS\\backend\\node_modules\\express\\lib\\r
outer\\index.js:286:9\n    at router.process_params (D:\\Projects\\restaurent_S
aaS\\backend\\node_modules\\express\\lib\\router\\index.js:346:12)"
      }

      at Console.log 
(node_modules/winston/lib/winston/transports/console.js:87:23)

    console.log
      2026-04-11 12:04:04 [[33mwarn[39m]: [33mRequest completed with 
error[39m {
        "service": "restaurant-saas-api",
        "method": "GET",
        "endpoint": "/restaurants/profile",
        "query": {},
        "statusCode": 500,
        "duration": "18ms",
        "userId": "user-1",
        "restaurantId": "rest-1"
      }

      at Console.log 
(node_modules/winston/lib/winston/transports/console.js:87:23)

    console.log
      2026-04-11 12:04:04 [[32minfo[39m]: [32m  Response: 500[39m {
        "service": "restaurant-saas-api"
      }

      at Console.log 
(node_modules/winston/lib/winston/transports/console.js:87:23)

    console.log
      2026-04-11 12:04:04 [[32minfo[39m]: [32m[2026-04-11T06:34:04.973Z] 
POST /api/v1/inventory/items[39m {
        "service": "restaurant-saas-api"
      }

      at Console.log 
(node_modules/winston/lib/winston/transports/console.js:87:23)

    console.log
      2026-04-11 12:04:04 [[32minfo[39m]: [32m  Origin: no-origin[39m {
        "service": "restaurant-saas-api"
      }

      at Console.log 
(node_modules/winston/lib/winston/transports/console.js:87:23)

    console.log
      2026-04-11 12:04:04 [[32minfo[39m]: [32m  IP: ::ffff:127.0.0.1[39m {
        "service": "restaurant-saas-api"
      }

      at Console.log 
(node_modules/winston/lib/winston/transports/console.js:87:23)

    console.log
      2026-04-11 12:04:04 [[31merror[39m]: [31mSystem access guard error: 
supabase.from(...).select(...).is is not a function[39m {
        "service": "restaurant-saas-api",
        "stack": "TypeError: supabase.from(...).select(...).is is not a 
function\n    at is (D:\\Projects\\restaurent_SaaS\\backend\\src\\middleware\\s
ystemAccess.js:61:6)\n    at fetchGlobalMaintenance (D:\\Projects\\restaurent_S
aaS\\backend\\src\\middleware\\systemAccess.js:156:7)\n    at Layer.handle [as 
handle_request] (D:\\Projects\\restaurent_SaaS\\backend\\node_modules\\express\
\lib\\router\\layer.js:95:5)\n    at trim_prefix (D:\\Projects\\restaurent_SaaS
\\backend\\node_modules\\express\\lib\\router\\index.js:328:13)\n    at D:\\Pro
jects\\restaurent_SaaS\\backend\\node_modules\\express\\lib\\router\\index.js:2
86:9\n    at router.process_params (D:\\Projects\\restaurent_SaaS\\backend\\nod
e_modules\\express\\lib\\router\\index.js:346:12)\n    at next (D:\\Projects\\r
estaurent_SaaS\\backend\\node_modules\\express\\lib\\router\\index.js:280:10)\n
    at next 
(D:\\Projects\\restaurent_SaaS\\backend\\src\\middleware\\auth.js:97:3)\n    
at Layer.handle [as handle_request] (D:\\Projects\\restaurent_SaaS\\backend\\no
de_modules\\express\\lib\\router\\layer.js:95:5)\n    at trim_prefix (D:\\Proje
cts\\restaurent_SaaS\\backend\\node_modules\\express\\lib\\router\\index.js:328
:13)\n    at D:\\Projects\\restaurent_SaaS\\backend\\node_modules\\express\\lib
\\router\\index.js:286:9\n    at router.process_params (D:\\Projects\\restauren
t_SaaS\\backend\\node_modules\\express\\lib\\router\\index.js:346:12)\n    at 
next (D:\\Projects\\restaurent_SaaS\\backend\\node_modules\\express\\lib\\route
r\\index.js:280:10)\n    at router.handle (D:\\Projects\\restaurent_SaaS\\backe
nd\\node_modules\\express\\lib\\router\\index.js:175:3)\n    at router (D:\\Pro
jects\\restaurent_SaaS\\backend\\node_modules\\express\\lib\\router\\index.js:4
7:12)\n    at Layer.handle [as handle_request] (D:\\Projects\\restaurent_SaaS\\
backend\\node_modules\\express\\lib\\router\\layer.js:95:5)\n    at 
trim_prefix (D:\\Projects\\restaurent_SaaS\\backend\\node_modules\\express\\lib
\\router\\index.js:328:13)\n    at D:\\Projects\\restaurent_SaaS\\backend\\node
_modules\\express\\lib\\router\\index.js:286:9\n    at router.process_params (D
:\\Projects\\restaurent_SaaS\\backend\\node_modules\\express\\lib\\router\\inde
x.js:346:12)\n    at next (D:\\Projects\\restaurent_SaaS\\backend\\node_modules
\\express\\lib\\router\\index.js:280:10)\n    at next (D:\\Projects\\restaurent
_SaaS\\backend\\src\\middleware\\securityEnforcement.js:333:3)\n    at 
middleware (D:\\Projects\\restaurent_SaaS\\backend\\src\\app.js:216:5)\n    at 
Layer.handle [as handle_request] (D:\\Projects\\restaurent_SaaS\\backend\\node_
modules\\express\\lib\\router\\layer.js:95:5)\n    at trim_prefix (D:\\Projects
\\restaurent_SaaS\\backend\\node_modules\\express\\lib\\router\\index.js:328:13
)\n    at D:\\Projects\\restaurent_SaaS\\backend\\node_modules\\express\\lib\\r
outer\\index.js:286:9\n    at router.process_params (D:\\Projects\\restaurent_S
aaS\\backend\\node_modules\\express\\lib\\router\\index.js:346:12)\n    at 
next (D:\\Projects\\restaurent_SaaS\\backend\\node_modules\\express\\lib\\route
r\\index.js:280:10)\n    at next (D:\\Projects\\restaurent_SaaS\\backend\\src\\
middleware\\securityEnforcement.js:263:12)\n    at middleware 
(D:\\Projects\\restaurent_SaaS\\backend\\src\\app.js:216:5)\n    at 
Layer.handle [as handle_request] (D:\\Projects\\restaurent_SaaS\\backend\\node_
modules\\express\\lib\\router\\layer.js:95:5)\n    at trim_prefix (D:\\Projects
\\restaurent_SaaS\\backend\\node_modules\\express\\lib\\router\\index.js:328:13
)\n    at D:\\Projects\\restaurent_SaaS\\backend\\node_modules\\express\\lib\\r
outer\\index.js:286:9\n    at router.process_params (D:\\Projects\\restaurent_S
aaS\\backend\\node_modules\\express\\lib\\router\\index.js:346:12)\n    at 
next (D:\\Projects\\restaurent_SaaS\\backend\\node_modules\\express\\lib\\route
r\\index.js:280:10)\n    at next (D:\\Projects\\restaurent_SaaS\\backend\\src\\
middleware\\securityEnforcement.js:257:3)\n    at middleware 
(D:\\Projects\\restaurent_SaaS\\backend\\src\\app.js:216:5)\n    at 
Layer.handle [as handle_request] (D:\\Projects\\restaurent_SaaS\\backend\\node_
modules\\express\\lib\\router\\layer.js:95:5)\n    at trim_prefix (D:\\Projects
\\restaurent_SaaS\\backend\\node_modules\\express\\lib\\router\\index.js:328:13
)\n    at D:\\Projects\\restaurent_SaaS\\backend\\node_modules\\express\\lib\\r
outer\\index.js:286:9\n    at router.process_params (D:\\Projects\\restaurent_S
aaS\\backend\\node_modules\\express\\lib\\router\\index.js:346:12)\n    at 
next (D:\\Projects\\restaurent_SaaS\\backend\\node_modules\\express\\lib\\route
r\\index.js:280:10)\n    at next (D:\\Projects\\restaurent_SaaS\\backend\\src\\
middleware\\securityEnforcement.js:191:3)\n    at middleware 
(D:\\Projects\\restaurent_SaaS\\backend\\src\\app.js:216:5)\n    at 
Layer.handle [as handle_request] (D:\\Projects\\restaurent_SaaS\\backend\\node_
modules\\express\\lib\\router\\layer.js:95:5)\n    at trim_prefix (D:\\Projects
\\restaurent_SaaS\\backend\\node_modules\\express\\lib\\router\\index.js:328:13
)\n    at D:\\Projects\\restaurent_SaaS\\backend\\node_modules\\express\\lib\\r
outer\\index.js:286:9\n    at router.process_params (D:\\Projects\\restaurent_S
aaS\\backend\\node_modules\\express\\lib\\router\\index.js:346:12)\n    at 
next (D:\\Projects\\restaurent_SaaS\\backend\\node_modules\\express\\lib\\route
r\\index.js:280:10)\n    at next (D:\\Projects\\restaurent_SaaS\\backend\\src\\
middleware\\securityEnforcement.js:153:3)\n    at middleware 
(D:\\Projects\\restaurent_SaaS\\backend\\src\\app.js:216:5)\n    at 
Layer.handle [as handle_request] (D:\\Projects\\restaurent_SaaS\\backend\\node_
modules\\express\\lib\\router\\layer.js:95:5)\n    at trim_prefix (D:\\Projects
\\restaurent_SaaS\\backend\\node_modules\\express\\lib\\router\\index.js:328:13
)\n    at D:\\Projects\\restaurent_SaaS\\backend\\node_modules\\express\\lib\\r
outer\\index.js:286:9\n    at router.process_params (D:\\Projects\\restaurent_S
aaS\\backend\\node_modules\\express\\lib\\router\\index.js:346:12)\n    at 
next (D:\\Projects\\restaurent_SaaS\\backend\\node_modules\\express\\lib\\route
r\\index.js:280:10)\n    at next (D:\\Projects\\restaurent_SaaS\\backend\\src\\
middleware\\securityEnforcement.js:107:3)\n    at middleware 
(D:\\Projects\\restaurent_SaaS\\backend\\src\\app.js:216:5)\n    at 
Layer.handle [as handle_request] (D:\\Projects\\restaurent_SaaS\\backend\\node_
modules\\express\\lib\\router\\layer.js:95:5)\n    at trim_prefix (D:\\Projects
\\restaurent_SaaS\\backend\\node_modules\\express\\lib\\router\\index.js:328:13
)\n    at D:\\Projects\\restaurent_SaaS\\backend\\node_modules\\express\\lib\\r
outer\\index.js:286:9\n    at router.process_params (D:\\Projects\\restaurent_S
aaS\\backend\\node_modules\\express\\lib\\router\\index.js:346:12)\n    at 
next (D:\\Projects\\restaurent_SaaS\\backend\\node_modules\\express\\lib\\route
r\\index.js:280:10)\n    at next (D:\\Projects\\restaurent_SaaS\\backend\\src\\
middleware\\securityEnforcement.js:50:3)\n    at middleware 
(D:\\Projects\\restaurent_SaaS\\backend\\src\\app.js:216:5)\n    at 
Layer.handle [as handle_request] (D:\\Projects\\restaurent_SaaS\\backend\\node_
modules\\express\\lib\\router\\layer.js:95:5)\n    at trim_prefix (D:\\Projects
\\restaurent_SaaS\\backend\\node_modules\\express\\lib\\router\\index.js:328:13
)\n    at D:\\Projects\\restaurent_SaaS\\backend\\node_modules\\express\\lib\\r
outer\\index.js:286:9\n    at router.process_params (D:\\Projects\\restaurent_S
aaS\\backend\\node_modules\\express\\lib\\router\\index.js:346:12)\n    at 
next (D:\\Projects\\restaurent_SaaS\\backend\\node_modules\\express\\lib\\route
r\\index.js:280:10)\n    at next (D:\\Projects\\restaurent_SaaS\\backend\\src\\
middleware\\dataIsolation.js:33:3)\n    at dataIsolationMiddleware 
(D:\\Projects\\restaurent_SaaS\\backend\\src\\app.js:200:3)\n    at 
Layer.handle [as handle_request] (D:\\Projects\\restaurent_SaaS\\backend\\node_
modules\\express\\lib\\router\\layer.js:95:5)\n    at trim_prefix (D:\\Projects
\\restaurent_SaaS\\backend\\node_modules\\express\\lib\\router\\index.js:328:13
)\n    at D:\\Projects\\restaurent_SaaS\\backend\\node_modules\\express\\lib\\r
outer\\index.js:286:9\n    at router.process_params (D:\\Projects\\restaurent_S
aaS\\backend\\node_modules\\express\\lib\\router\\index.js:346:12)\n    at 
next (D:\\Projects\\restaurent_SaaS\\backend\\node_modules\\express\\lib\\route
r\\index.js:280:10)\n    at next 
(D:\\Projects\\restaurent_SaaS\\backend\\src\\middleware\\auth.js:63:5)\n    
at authMiddleware 
(D:\\Projects\\restaurent_SaaS\\backend\\src\\app.js:185:3)\n    at 
Layer.handle [as handle_request] (D:\\Projects\\restaurent_SaaS\\backend\\node_
modules\\express\\lib\\router\\layer.js:95:5)\n    at trim_prefix (D:\\Projects
\\restaurent_SaaS\\backend\\node_modules\\express\\lib\\router\\index.js:328:13
)\n    at D:\\Projects\\restaurent_SaaS\\backend\\node_modules\\express\\lib\\r
outer\\index.js:286:9\n    at router.process_params (D:\\Projects\\restaurent_S
aaS\\backend\\node_modules\\express\\lib\\router\\index.js:346:12)\n    at 
next (D:\\Projects\\restaurent_SaaS\\backend\\node_modules\\express\\lib\\route
r\\index.js:280:10)\n    at next (D:\\Projects\\restaurent_SaaS\\backend\\src\\
utils\\sqlInjectionPrevention.js:183:3)\n    at Layer.handle [as 
handle_request] (D:\\Projects\\restaurent_SaaS\\backend\\node_modules\\express\
\lib\\router\\layer.js:95:5)\n    at trim_prefix (D:\\Projects\\restaurent_SaaS
\\backend\\node_modules\\express\\lib\\router\\index.js:328:13)\n    at D:\\Pro
jects\\restaurent_SaaS\\backend\\node_modules\\express\\lib\\router\\index.js:2
86:9\n    at router.process_params (D:\\Projects\\restaurent_SaaS\\backend\\nod
e_modules\\express\\lib\\router\\index.js:346:12)\n    at next (D:\\Projects\\r
estaurent_SaaS\\backend\\node_modules\\express\\lib\\router\\index.js:280:10)\n
    at next (D:\\Projects\\restaurent_SaaS\\backend\\src\\utils\\sqlInjectionPr
evention.js:159:3)\n    at Layer.handle [as handle_request] (D:\\Projects\\rest
aurent_SaaS\\backend\\node_modules\\express\\lib\\router\\layer.js:95:5)\n    
at trim_prefix (D:\\Projects\\restaurent_SaaS\\backend\\node_modules\\express\\
lib\\router\\index.js:328:13)\n    at D:\\Projects\\restaurent_SaaS\\backend\\n
ode_modules\\express\\lib\\router\\index.js:286:9\n    at 
router.process_params (D:\\Projects\\restaurent_SaaS\\backend\\node_modules\\ex
press\\lib\\router\\index.js:346:12)\n    at next (D:\\Projects\\restaurent_Saa
S\\backend\\node_modules\\express\\lib\\router\\index.js:280:10)\n    at next 
(D:\\Projects\\restaurent_SaaS\\backend\\src\\app.js:160:3)\n    at 
Layer.handle [as handle_request] (D:\\Projects\\restaurent_SaaS\\backend\\node_
modules\\express\\lib\\router\\layer.js:95:5)\n    at trim_prefix (D:\\Projects
\\restaurent_SaaS\\backend\\node_modules\\express\\lib\\router\\index.js:328:13
)\n    at D:\\Projects\\restaurent_SaaS\\backend\\node_modules\\express\\lib\\r
outer\\index.js:286:9\n    at router.process_params (D:\\Projects\\restaurent_S
aaS\\backend\\node_modules\\express\\lib\\router\\index.js:346:12)"
      }

      at Console.log 
(node_modules/winston/lib/winston/transports/console.js:87:23)

    console.log
      2026-04-11 12:04:04 [[33mwarn[39m]: [33mRequest completed with 
error[39m {
        "service": "restaurant-saas-api",
        "method": "POST",
        "endpoint": "/inventory/items",
        "query": {},
        "statusCode": 500,
        "duration": "3ms",
        "userId": "manager-1",
        "restaurantId": "rest-1"
      }

      at Console.log 
(node_modules/winston/lib/winston/transports/console.js:87:23)

    console.log
      2026-04-11 12:04:04 [[32minfo[39m]: [32m  Response: 500[39m {
        "service": "restaurant-saas-api"
      }

      at Console.log 
(node_modules/winston/lib/winston/transports/console.js:87:23)

    console.log
      2026-04-11 12:04:04 [[32minfo[39m]: [32m[2026-04-11T06:34:04.985Z] 
POST /api/v1/inventory/items[39m {
        "service": "restaurant-saas-api"
      }

      at Console.log 
(node_modules/winston/lib/winston/transports/console.js:87:23)

    console.log
      2026-04-11 12:04:04 [[32minfo[39m]: [32m  Origin: no-origin[39m {
        "service": "restaurant-saas-api"
      }

      at Console.log 
(node_modules/winston/lib/winston/transports/console.js:87:23)

    console.log
      2026-04-11 12:04:04 [[32minfo[39m]: [32m  IP: ::ffff:127.0.0.1[39m {
        "service": "restaurant-saas-api"
      }

      at Console.log 
(node_modules/winston/lib/winston/transports/console.js:87:23)

    console.log
      2026-04-11 12:04:04 [[31merror[39m]: [31mSystem access guard error: 
supabase.from(...).select(...).is is not a function[39m {
        "service": "restaurant-saas-api",
        "stack": "TypeError: supabase.from(...).select(...).is is not a 
function\n    at is (D:\\Projects\\restaurent_SaaS\\backend\\src\\middleware\\s
ystemAccess.js:61:6)\n    at fetchGlobalMaintenance (D:\\Projects\\restaurent_S
aaS\\backend\\src\\middleware\\systemAccess.js:156:7)\n    at Layer.handle [as 
handle_request] (D:\\Projects\\restaurent_SaaS\\backend\\node_modules\\express\
\lib\\router\\layer.js:95:5)\n    at trim_prefix (D:\\Projects\\restaurent_SaaS
\\backend\\node_modules\\express\\lib\\router\\index.js:328:13)\n    at D:\\Pro
jects\\restaurent_SaaS\\backend\\node_modules\\express\\lib\\router\\index.js:2
86:9\n    at router.process_params (D:\\Projects\\restaurent_SaaS\\backend\\nod
e_modules\\express\\lib\\router\\index.js:346:12)\n    at next (D:\\Projects\\r
estaurent_SaaS\\backend\\node_modules\\express\\lib\\router\\index.js:280:10)\n
    at next 
(D:\\Projects\\restaurent_SaaS\\backend\\src\\middleware\\auth.js:97:3)\n    
at Layer.handle [as handle_request] (D:\\Projects\\restaurent_SaaS\\backend\\no
de_modules\\express\\lib\\router\\layer.js:95:5)\n    at trim_prefix (D:\\Proje
cts\\restaurent_SaaS\\backend\\node_modules\\express\\lib\\router\\index.js:328
:13)\n    at D:\\Projects\\restaurent_SaaS\\backend\\node_modules\\express\\lib
\\router\\index.js:286:9\n    at router.process_params (D:\\Projects\\restauren
t_SaaS\\backend\\node_modules\\express\\lib\\router\\index.js:346:12)\n    at 
next (D:\\Projects\\restaurent_SaaS\\backend\\node_modules\\express\\lib\\route
r\\index.js:280:10)\n    at router.handle (D:\\Projects\\restaurent_SaaS\\backe
nd\\node_modules\\express\\lib\\router\\index.js:175:3)\n    at router (D:\\Pro
jects\\restaurent_SaaS\\backend\\node_modules\\express\\lib\\router\\index.js:4
7:12)\n    at Layer.handle [as handle_request] (D:\\Projects\\restaurent_SaaS\\
backend\\node_modules\\express\\lib\\router\\layer.js:95:5)\n    at 
trim_prefix (D:\\Projects\\restaurent_SaaS\\backend\\node_modules\\express\\lib
\\router\\index.js:328:13)\n    at D:\\Projects\\restaurent_SaaS\\backend\\node
_modules\\express\\lib\\router\\index.js:286:9\n    at router.process_params (D
:\\Projects\\restaurent_SaaS\\backend\\node_modules\\express\\lib\\router\\inde
x.js:346:12)\n    at next (D:\\Projects\\restaurent_SaaS\\backend\\node_modules
\\express\\lib\\router\\index.js:280:10)\n    at next (D:\\Projects\\restaurent
_SaaS\\backend\\src\\middleware\\securityEnforcement.js:333:3)\n    at 
middleware (D:\\Projects\\restaurent_SaaS\\backend\\src\\app.js:216:5)\n    at 
Layer.handle [as handle_request] (D:\\Projects\\restaurent_SaaS\\backend\\node_
modules\\express\\lib\\router\\layer.js:95:5)\n    at trim_prefix (D:\\Projects
\\restaurent_SaaS\\backend\\node_modules\\express\\lib\\router\\index.js:328:13
)\n    at D:\\Projects\\restaurent_SaaS\\backend\\node_modules\\express\\lib\\r
outer\\index.js:286:9\n    at router.process_params (D:\\Projects\\restaurent_S
aaS\\backend\\node_modules\\express\\lib\\router\\index.js:346:12)\n    at 
next (D:\\Projects\\restaurent_SaaS\\backend\\node_modules\\express\\lib\\route
r\\index.js:280:10)\n    at next (D:\\Projects\\restaurent_SaaS\\backend\\src\\
middleware\\securityEnforcement.js:263:12)\n    at middleware 
(D:\\Projects\\restaurent_SaaS\\backend\\src\\app.js:216:5)\n    at 
Layer.handle [as handle_request] (D:\\Projects\\restaurent_SaaS\\backend\\node_
modules\\express\\lib\\router\\layer.js:95:5)\n    at trim_prefix (D:\\Projects
\\restaurent_SaaS\\backend\\node_modules\\express\\lib\\router\\index.js:328:13
)\n    at D:\\Projects\\restaurent_SaaS\\backend\\node_modules\\express\\lib\\r
outer\\index.js:286:9\n    at router.process_params (D:\\Projects\\restaurent_S
aaS\\backend\\node_modules\\express\\lib\\router\\index.js:346:12)\n    at 
next (D:\\Projects\\restaurent_SaaS\\backend\\node_modules\\express\\lib\\route
r\\index.js:280:10)\n    at next (D:\\Projects\\restaurent_SaaS\\backend\\src\\
middleware\\securityEnforcement.js:257:3)\n    at middleware 
(D:\\Projects\\restaurent_SaaS\\backend\\src\\app.js:216:5)\n    at 
Layer.handle [as handle_request] (D:\\Projects\\restaurent_SaaS\\backend\\node_
modules\\express\\lib\\router\\layer.js:95:5)\n    at trim_prefix (D:\\Projects
\\restaurent_SaaS\\backend\\node_modules\\express\\lib\\router\\index.js:328:13
)\n    at D:\\Projects\\restaurent_SaaS\\backend\\node_modules\\express\\lib\\r
outer\\index.js:286:9\n    at router.process_params (D:\\Projects\\restaurent_S
aaS\\backend\\node_modules\\express\\lib\\router\\index.js:346:12)\n    at 
next (D:\\Projects\\restaurent_SaaS\\backend\\node_modules\\express\\lib\\route
r\\index.js:280:10)\n    at next (D:\\Projects\\restaurent_SaaS\\backend\\src\\
middleware\\securityEnforcement.js:191:3)\n    at middleware 
(D:\\Projects\\restaurent_SaaS\\backend\\src\\app.js:216:5)\n    at 
Layer.handle [as handle_request] (D:\\Projects\\restaurent_SaaS\\backend\\node_
modules\\express\\lib\\router\\layer.js:95:5)\n    at trim_prefix (D:\\Projects
\\restaurent_SaaS\\backend\\node_modules\\express\\lib\\router\\index.js:328:13
)\n    at D:\\Projects\\restaurent_SaaS\\backend\\node_modules\\express\\lib\\r
outer\\index.js:286:9\n    at router.process_params (D:\\Projects\\restaurent_S
aaS\\backend\\node_modules\\express\\lib\\router\\index.js:346:12)\n    at 
next (D:\\Projects\\restaurent_SaaS\\backend\\node_modules\\express\\lib\\route
r\\index.js:280:10)\n    at next (D:\\Projects\\restaurent_SaaS\\backend\\src\\
middleware\\securityEnforcement.js:153:3)\n    at middleware 
(D:\\Projects\\restaurent_SaaS\\backend\\src\\app.js:216:5)\n    at 
Layer.handle [as handle_request] (D:\\Projects\\restaurent_SaaS\\backend\\node_
modules\\express\\lib\\router\\layer.js:95:5)\n    at trim_prefix (D:\\Projects
\\restaurent_SaaS\\backend\\node_modules\\express\\lib\\router\\index.js:328:13
)\n    at D:\\Projects\\restaurent_SaaS\\backend\\node_modules\\express\\lib\\r
outer\\index.js:286:9\n    at router.process_params (D:\\Projects\\restaurent_S
aaS\\backend\\node_modules\\express\\lib\\router\\index.js:346:12)\n    at 
next (D:\\Projects\\restaurent_SaaS\\backend\\node_modules\\express\\lib\\route
r\\index.js:280:10)\n    at next (D:\\Projects\\restaurent_SaaS\\backend\\src\\
middleware\\securityEnforcement.js:107:3)\n    at middleware 
(D:\\Projects\\restaurent_SaaS\\backend\\src\\app.js:216:5)\n    at 
Layer.handle [as handle_request] (D:\\Projects\\restaurent_SaaS\\backend\\node_
modules\\express\\lib\\router\\layer.js:95:5)\n    at trim_prefix (D:\\Projects
\\restaurent_SaaS\\backend\\node_modules\\express\\lib\\router\\index.js:328:13
)\n    at D:\\Projects\\restaurent_SaaS\\backend\\node_modules\\express\\lib\\r
outer\\index.js:286:9\n    at router.process_params (D:\\Projects\\restaurent_S
aaS\\backend\\node_modules\\express\\lib\\router\\index.js:346:12)\n    at 
next (D:\\Projects\\restaurent_SaaS\\backend\\node_modules\\express\\lib\\route
r\\index.js:280:10)\n    at next (D:\\Projects\\restaurent_SaaS\\backend\\src\\
middleware\\securityEnforcement.js:50:3)\n    at middleware 
(D:\\Projects\\restaurent_SaaS\\backend\\src\\app.js:216:5)\n    at 
Layer.handle [as handle_request] (D:\\Projects\\restaurent_SaaS\\backend\\node_
modules\\express\\lib\\router\\layer.js:95:5)\n    at trim_prefix (D:\\Projects
\\restaurent_SaaS\\backend\\node_modules\\express\\lib\\router\\index.js:328:13
)\n    at D:\\Projects\\restaurent_SaaS\\backend\\node_modules\\express\\lib\\r
outer\\index.js:286:9\n    at router.process_params (D:\\Projects\\restaurent_S
aaS\\backend\\node_modules\\express\\lib\\router\\index.js:346:12)\n    at 
next (D:\\Projects\\restaurent_SaaS\\backend\\node_modules\\express\\lib\\route
r\\index.js:280:10)\n    at next (D:\\Projects\\restaurent_SaaS\\backend\\src\\
middleware\\dataIsolation.js:33:3)\n    at dataIsolationMiddleware 
(D:\\Projects\\restaurent_SaaS\\backend\\src\\app.js:200:3)\n    at 
Layer.handle [as handle_request] (D:\\Projects\\restaurent_SaaS\\backend\\node_
modules\\express\\lib\\router\\layer.js:95:5)\n    at trim_prefix (D:\\Projects
\\restaurent_SaaS\\backend\\node_modules\\express\\lib\\router\\index.js:328:13
)\n    at D:\\Projects\\restaurent_SaaS\\backend\\node_modules\\express\\lib\\r
outer\\index.js:286:9\n    at router.process_params (D:\\Projects\\restaurent_S
aaS\\backend\\node_modules\\express\\lib\\router\\index.js:346:12)\n    at 
next (D:\\Projects\\restaurent_SaaS\\backend\\node_modules\\express\\lib\\route
r\\index.js:280:10)\n    at next 
(D:\\Projects\\restaurent_SaaS\\backend\\src\\middleware\\auth.js:63:5)\n    
at authMiddleware 
(D:\\Projects\\restaurent_SaaS\\backend\\src\\app.js:185:3)\n    at 
Layer.handle [as handle_request] (D:\\Projects\\restaurent_SaaS\\backend\\node_
modules\\express\\lib\\router\\layer.js:95:5)\n    at trim_prefix (D:\\Projects
\\restaurent_SaaS\\backend\\node_modules\\express\\lib\\router\\index.js:328:13
)\n    at D:\\Projects\\restaurent_SaaS\\backend\\node_modules\\express\\lib\\r
outer\\index.js:286:9\n    at router.process_params (D:\\Projects\\restaurent_S
aaS\\backend\\node_modules\\express\\lib\\router\\index.js:346:12)\n    at 
next (D:\\Projects\\restaurent_SaaS\\backend\\node_modules\\express\\lib\\route
r\\index.js:280:10)\n    at next (D:\\Projects\\restaurent_SaaS\\backend\\src\\
utils\\sqlInjectionPrevention.js:183:3)\n    at Layer.handle [as 
handle_request] (D:\\Projects\\restaurent_SaaS\\backend\\node_modules\\express\
\lib\\router\\layer.js:95:5)\n    at trim_prefix (D:\\Projects\\restaurent_SaaS
\\backend\\node_modules\\express\\lib\\router\\index.js:328:13)\n    at D:\\Pro
jects\\restaurent_SaaS\\backend\\node_modules\\express\\lib\\router\\index.js:2
86:9\n    at router.process_params (D:\\Projects\\restaurent_SaaS\\backend\\nod
e_modules\\express\\lib\\router\\index.js:346:12)\n    at next (D:\\Projects\\r
estaurent_SaaS\\backend\\node_modules\\express\\lib\\router\\index.js:280:10)\n
    at next (D:\\Projects\\restaurent_SaaS\\backend\\src\\utils\\sqlInjectionPr
evention.js:159:3)\n    at Layer.handle [as handle_request] (D:\\Projects\\rest
aurent_SaaS\\backend\\node_modules\\express\\lib\\router\\layer.js:95:5)\n    
at trim_prefix (D:\\Projects\\restaurent_SaaS\\backend\\node_modules\\express\\
lib\\router\\index.js:328:13)\n    at D:\\Projects\\restaurent_SaaS\\backend\\n
ode_modules\\express\\lib\\router\\index.js:286:9\n    at 
router.process_params (D:\\Projects\\restaurent_SaaS\\backend\\node_modules\\ex
press\\lib\\router\\index.js:346:12)\n    at next (D:\\Projects\\restaurent_Saa
S\\backend\\node_modules\\express\\lib\\router\\index.js:280:10)\n    at next 
(D:\\Projects\\restaurent_SaaS\\backend\\src\\app.js:160:3)\n    at 
Layer.handle [as handle_request] (D:\\Projects\\restaurent_SaaS\\backend\\node_
modules\\express\\lib\\router\\layer.js:95:5)\n    at trim_prefix (D:\\Projects
\\restaurent_SaaS\\backend\\node_modules\\express\\lib\\router\\index.js:328:13
)\n    at D:\\Projects\\restaurent_SaaS\\backend\\node_modules\\express\\lib\\r
outer\\index.js:286:9\n    at router.process_params (D:\\Projects\\restaurent_S
aaS\\backend\\node_modules\\express\\lib\\router\\index.js:346:12)"
      }

      at Console.log 
(node_modules/winston/lib/winston/transports/console.js:87:23)

    console.log
      2026-04-11 12:04:04 [[33mwarn[39m]: [33mRequest completed with 
error[39m {
        "service": "restaurant-saas-api",
        "method": "POST",
        "endpoint": "/inventory/items",
        "query": {},
        "statusCode": 500,
        "duration": "3ms",
        "userId": "owner-1",
        "restaurantId": "rest-1"
      }

      at Console.log 
(node_modules/winston/lib/winston/transports/console.js:87:23)

    console.log
      2026-04-11 12:04:04 [[32minfo[39m]: [32m  Response: 500[39m {
        "service": "restaurant-saas-api"
      }

      at Console.log 
(node_modules/winston/lib/winston/transports/console.js:87:23)

    console.log
      2026-04-11 12:04:04 [[32minfo[39m]: [32m[2026-04-11T06:34:04.998Z] 
POST /api/v1/inventory/items/item-1/add-stock[39m {
        "service": "restaurant-saas-api"
      }

      at Console.log 
(node_modules/winston/lib/winston/transports/console.js:87:23)

    console.log
      2026-04-11 12:04:04 [[32minfo[39m]: [32m  Origin: no-origin[39m {
        "service": "restaurant-saas-api"
      }

      at Console.log 
(node_modules/winston/lib/winston/transports/console.js:87:23)

    console.log
      2026-04-11 12:04:05 [[32minfo[39m]: [32m  IP: ::ffff:127.0.0.1[39m {
        "service": "restaurant-saas-api"
      }

      at Console.log 
(node_modules/winston/lib/winston/transports/console.js:87:23)

    console.log
      2026-04-11 12:04:05 [[31merror[39m]: [31mSystem access guard error: 
supabase.from(...).select(...).is is not a function[39m {
        "service": "restaurant-saas-api",
        "stack": "TypeError: supabase.from(...).select(...).is is not a 
function\n    at is (D:\\Projects\\restaurent_SaaS\\backend\\src\\middleware\\s
ystemAccess.js:61:6)\n    at fetchGlobalMaintenance (D:\\Projects\\restaurent_S
aaS\\backend\\src\\middleware\\systemAccess.js:156:7)\n    at Layer.handle [as 
handle_request] (D:\\Projects\\restaurent_SaaS\\backend\\node_modules\\express\
\lib\\router\\layer.js:95:5)\n    at trim_prefix (D:\\Projects\\restaurent_SaaS
\\backend\\node_modules\\express\\lib\\router\\index.js:328:13)\n    at D:\\Pro
jects\\restaurent_SaaS\\backend\\node_modules\\express\\lib\\router\\index.js:2
86:9\n    at router.process_params (D:\\Projects\\restaurent_SaaS\\backend\\nod
e_modules\\express\\lib\\router\\index.js:346:12)\n    at next (D:\\Projects\\r
estaurent_SaaS\\backend\\node_modules\\express\\lib\\router\\index.js:280:10)\n
    at next 
(D:\\Projects\\restaurent_SaaS\\backend\\src\\middleware\\auth.js:97:3)\n    
at Layer.handle [as handle_request] (D:\\Projects\\restaurent_SaaS\\backend\\no
de_modules\\express\\lib\\router\\layer.js:95:5)\n    at trim_prefix (D:\\Proje
cts\\restaurent_SaaS\\backend\\node_modules\\express\\lib\\router\\index.js:328
:13)\n    at D:\\Projects\\restaurent_SaaS\\backend\\node_modules\\express\\lib
\\router\\index.js:286:9\n    at router.process_params (D:\\Projects\\restauren
t_SaaS\\backend\\node_modules\\express\\lib\\router\\index.js:346:12)\n    at 
next (D:\\Projects\\restaurent_SaaS\\backend\\node_modules\\express\\lib\\route
r\\index.js:280:10)\n    at router.handle (D:\\Projects\\restaurent_SaaS\\backe
nd\\node_modules\\express\\lib\\router\\index.js:175:3)\n    at router (D:\\Pro
jects\\restaurent_SaaS\\backend\\node_modules\\express\\lib\\router\\index.js:4
7:12)\n    at Layer.handle [as handle_request] (D:\\Projects\\restaurent_SaaS\\
backend\\node_modules\\express\\lib\\router\\layer.js:95:5)\n    at 
trim_prefix (D:\\Projects\\restaurent_SaaS\\backend\\node_modules\\express\\lib
\\router\\index.js:328:13)\n    at D:\\Projects\\restaurent_SaaS\\backend\\node
_modules\\express\\lib\\router\\index.js:286:9\n    at router.process_params (D
:\\Projects\\restaurent_SaaS\\backend\\node_modules\\express\\lib\\router\\inde
x.js:346:12)\n    at next (D:\\Projects\\restaurent_SaaS\\backend\\node_modules
\\express\\lib\\router\\index.js:280:10)\n    at next (D:\\Projects\\restaurent
_SaaS\\backend\\src\\middleware\\securityEnforcement.js:333:3)\n    at 
middleware (D:\\Projects\\restaurent_SaaS\\backend\\src\\app.js:216:5)\n    at 
Layer.handle [as handle_request] (D:\\Projects\\restaurent_SaaS\\backend\\node_
modules\\express\\lib\\router\\layer.js:95:5)\n    at trim_prefix (D:\\Projects
\\restaurent_SaaS\\backend\\node_modules\\express\\lib\\router\\index.js:328:13
)\n    at D:\\Projects\\restaurent_SaaS\\backend\\node_modules\\express\\lib\\r
outer\\index.js:286:9\n    at router.process_params (D:\\Projects\\restaurent_S
aaS\\backend\\node_modules\\express\\lib\\router\\index.js:346:12)\n    at 
next (D:\\Projects\\restaurent_SaaS\\backend\\node_modules\\express\\lib\\route
r\\index.js:280:10)\n    at next (D:\\Projects\\restaurent_SaaS\\backend\\src\\
middleware\\securityEnforcement.js:263:12)\n    at middleware 
(D:\\Projects\\restaurent_SaaS\\backend\\src\\app.js:216:5)\n    at 
Layer.handle [as handle_request] (D:\\Projects\\restaurent_SaaS\\backend\\node_
modules\\express\\lib\\router\\layer.js:95:5)\n    at trim_prefix (D:\\Projects
\\restaurent_SaaS\\backend\\node_modules\\express\\lib\\router\\index.js:328:13
)\n    at D:\\Projects\\restaurent_SaaS\\backend\\node_modules\\express\\lib\\r
outer\\index.js:286:9\n    at router.process_params (D:\\Projects\\restaurent_S
aaS\\backend\\node_modules\\express\\lib\\router\\index.js:346:12)\n    at 
next (D:\\Projects\\restaurent_SaaS\\backend\\node_modules\\express\\lib\\route
r\\index.js:280:10)\n    at next (D:\\Projects\\restaurent_SaaS\\backend\\src\\
middleware\\securityEnforcement.js:257:3)\n    at middleware 
(D:\\Projects\\restaurent_SaaS\\backend\\src\\app.js:216:5)\n    at 
Layer.handle [as handle_request] (D:\\Projects\\restaurent_SaaS\\backend\\node_
modules\\express\\lib\\router\\layer.js:95:5)\n    at trim_prefix (D:\\Projects
\\restaurent_SaaS\\backend\\node_modules\\express\\lib\\router\\index.js:328:13
)\n    at D:\\Projects\\restaurent_SaaS\\backend\\node_modules\\express\\lib\\r
outer\\index.js:286:9\n    at router.process_params (D:\\Projects\\restaurent_S
aaS\\backend\\node_modules\\express\\lib\\router\\index.js:346:12)\n    at 
next (D:\\Projects\\restaurent_SaaS\\backend\\node_modules\\express\\lib\\route
r\\index.js:280:10)\n    at next (D:\\Projects\\restaurent_SaaS\\backend\\src\\
middleware\\securityEnforcement.js:191:3)\n    at middleware 
(D:\\Projects\\restaurent_SaaS\\backend\\src\\app.js:216:5)\n    at 
Layer.handle [as handle_request] (D:\\Projects\\restaurent_SaaS\\backend\\node_
modules\\express\\lib\\router\\layer.js:95:5)\n    at trim_prefix (D:\\Projects
\\restaurent_SaaS\\backend\\node_modules\\express\\lib\\router\\index.js:328:13
)\n    at D:\\Projects\\restaurent_SaaS\\backend\\node_modules\\express\\lib\\r
outer\\index.js:286:9\n    at router.process_params (D:\\Projects\\restaurent_S
aaS\\backend\\node_modules\\express\\lib\\router\\index.js:346:12)\n    at 
next (D:\\Projects\\restaurent_SaaS\\backend\\node_modules\\express\\lib\\route
r\\index.js:280:10)\n    at next (D:\\Projects\\restaurent_SaaS\\backend\\src\\
middleware\\securityEnforcement.js:153:3)\n    at middleware 
(D:\\Projects\\restaurent_SaaS\\backend\\src\\app.js:216:5)\n    at 
Layer.handle [as handle_request] (D:\\Projects\\restaurent_SaaS\\backend\\node_
modules\\express\\lib\\router\\layer.js:95:5)\n    at trim_prefix (D:\\Projects
\\restaurent_SaaS\\backend\\node_modules\\express\\lib\\router\\index.js:328:13
)\n    at D:\\Projects\\restaurent_SaaS\\backend\\node_modules\\express\\lib\\r
outer\\index.js:286:9\n    at router.process_params (D:\\Projects\\restaurent_S
aaS\\backend\\node_modules\\express\\lib\\router\\index.js:346:12)\n    at 
next (D:\\Projects\\restaurent_SaaS\\backend\\node_modules\\express\\lib\\route
r\\index.js:280:10)\n    at next (D:\\Projects\\restaurent_SaaS\\backend\\src\\
middleware\\securityEnforcement.js:107:3)\n    at middleware 
(D:\\Projects\\restaurent_SaaS\\backend\\src\\app.js:216:5)\n    at 
Layer.handle [as handle_request] (D:\\Projects\\restaurent_SaaS\\backend\\node_
modules\\express\\lib\\router\\layer.js:95:5)\n    at trim_prefix (D:\\Projects
\\restaurent_SaaS\\backend\\node_modules\\express\\lib\\router\\index.js:328:13
)\n    at D:\\Projects\\restaurent_SaaS\\backend\\node_modules\\express\\lib\\r
outer\\index.js:286:9\n    at router.process_params (D:\\Projects\\restaurent_S
aaS\\backend\\node_modules\\express\\lib\\router\\index.js:346:12)\n    at 
next (D:\\Projects\\restaurent_SaaS\\backend\\node_modules\\express\\lib\\route
r\\index.js:280:10)\n    at next (D:\\Projects\\restaurent_SaaS\\backend\\src\\
middleware\\securityEnforcement.js:50:3)\n    at middleware 
(D:\\Projects\\restaurent_SaaS\\backend\\src\\app.js:216:5)\n    at 
Layer.handle [as handle_request] (D:\\Projects\\restaurent_SaaS\\backend\\node_
modules\\express\\lib\\router\\layer.js:95:5)\n    at trim_prefix (D:\\Projects
\\restaurent_SaaS\\backend\\node_modules\\express\\lib\\router\\index.js:328:13
)\n    at D:\\Projects\\restaurent_SaaS\\backend\\node_modules\\express\\lib\\r
outer\\index.js:286:9\n    at router.process_params (D:\\Projects\\restaurent_S
aaS\\backend\\node_modules\\express\\lib\\router\\index.js:346:12)\n    at 
next (D:\\Projects\\restaurent_SaaS\\backend\\node_modules\\express\\lib\\route
r\\index.js:280:10)\n    at next (D:\\Projects\\restaurent_SaaS\\backend\\src\\
middleware\\dataIsolation.js:33:3)\n    at dataIsolationMiddleware 
(D:\\Projects\\restaurent_SaaS\\backend\\src\\app.js:200:3)\n    at 
Layer.handle [as handle_request] (D:\\Projects\\restaurent_SaaS\\backend\\node_
modules\\express\\lib\\router\\layer.js:95:5)\n    at trim_prefix (D:\\Projects
\\restaurent_SaaS\\backend\\node_modules\\express\\lib\\router\\index.js:328:13
)\n    at D:\\Projects\\restaurent_SaaS\\backend\\node_modules\\express\\lib\\r
outer\\index.js:286:9\n    at router.process_params (D:\\Projects\\restaurent_S
aaS\\backend\\node_modules\\express\\lib\\router\\index.js:346:12)\n    at 
next (D:\\Projects\\restaurent_SaaS\\backend\\node_modules\\express\\lib\\route
r\\index.js:280:10)\n    at next 
(D:\\Projects\\restaurent_SaaS\\backend\\src\\middleware\\auth.js:63:5)\n    
at authMiddleware 
(D:\\Projects\\restaurent_SaaS\\backend\\src\\app.js:185:3)\n    at 
Layer.handle [as handle_request] (D:\\Projects\\restaurent_SaaS\\backend\\node_
modules\\express\\lib\\router\\layer.js:95:5)\n    at trim_prefix (D:\\Projects
\\restaurent_SaaS\\backend\\node_modules\\express\\lib\\router\\index.js:328:13
)\n    at D:\\Projects\\restaurent_SaaS\\backend\\node_modules\\express\\lib\\r
outer\\index.js:286:9\n    at router.process_params (D:\\Projects\\restaurent_S
aaS\\backend\\node_modules\\express\\lib\\router\\index.js:346:12)\n    at 
next (D:\\Projects\\restaurent_SaaS\\backend\\node_modules\\express\\lib\\route
r\\index.js:280:10)\n    at next (D:\\Projects\\restaurent_SaaS\\backend\\src\\
utils\\sqlInjectionPrevention.js:183:3)\n    at Layer.handle [as 
handle_request] (D:\\Projects\\restaurent_SaaS\\backend\\node_modules\\express\
\lib\\router\\layer.js:95:5)\n    at trim_prefix (D:\\Projects\\restaurent_SaaS
\\backend\\node_modules\\express\\lib\\router\\index.js:328:13)\n    at D:\\Pro
jects\\restaurent_SaaS\\backend\\node_modules\\express\\lib\\router\\index.js:2
86:9\n    at router.process_params (D:\\Projects\\restaurent_SaaS\\backend\\nod
e_modules\\express\\lib\\router\\index.js:346:12)\n    at next (D:\\Projects\\r
estaurent_SaaS\\backend\\node_modules\\express\\lib\\router\\index.js:280:10)\n
    at next (D:\\Projects\\restaurent_SaaS\\backend\\src\\utils\\sqlInjectionPr
evention.js:159:3)\n    at Layer.handle [as handle_request] (D:\\Projects\\rest
aurent_SaaS\\backend\\node_modules\\express\\lib\\router\\layer.js:95:5)\n    
at trim_prefix (D:\\Projects\\restaurent_SaaS\\backend\\node_modules\\express\\
lib\\router\\index.js:328:13)\n    at D:\\Projects\\restaurent_SaaS\\backend\\n
ode_modules\\express\\lib\\router\\index.js:286:9\n    at 
router.process_params (D:\\Projects\\restaurent_SaaS\\backend\\node_modules\\ex
press\\lib\\router\\index.js:346:12)\n    at next (D:\\Projects\\restaurent_Saa
S\\backend\\node_modules\\express\\lib\\router\\index.js:280:10)\n    at next 
(D:\\Projects\\restaurent_SaaS\\backend\\src\\app.js:160:3)\n    at 
Layer.handle [as handle_request] (D:\\Projects\\restaurent_SaaS\\backend\\node_
modules\\express\\lib\\router\\layer.js:95:5)\n    at trim_prefix (D:\\Projects
\\restaurent_SaaS\\backend\\node_modules\\express\\lib\\router\\index.js:328:13
)\n    at D:\\Projects\\restaurent_SaaS\\backend\\node_modules\\express\\lib\\r
outer\\index.js:286:9\n    at router.process_params (D:\\Projects\\restaurent_S
aaS\\backend\\node_modules\\express\\lib\\router\\index.js:346:12)"
      }

      at Console.log 
(node_modules/winston/lib/winston/transports/console.js:87:23)

    console.log
      2026-04-11 12:04:05 [[33mwarn[39m]: [33mRequest completed with 
error[39m {
        "service": "restaurant-saas-api",
        "method": "POST",
        "endpoint": "/inventory/items/item-1/add-stock",
        "query": {},
        "statusCode": 500,
        "duration": "3ms",
        "userId": "owner-1",
        "restaurantId": "rest-1"
      }

      at Console.log 
(node_modules/winston/lib/winston/transports/console.js:87:23)

    console.log
      2026-04-11 12:04:05 [[32minfo[39m]: [32m  Response: 500[39m {
        "service": "restaurant-saas-api"
      }

      at Console.log 
(node_modules/winston/lib/winston/transports/console.js:87:23)

    console.log
      2026-04-11 12:04:05 [[32minfo[39m]: [32m[2026-04-11T06:34:05.014Z] 
POST /api/v1/inventory/items/item-1/adjust[39m {
        "service": "restaurant-saas-api"
      }

      at Console.log 
(node_modules/winston/lib/winston/transports/console.js:87:23)

    console.log
      2026-04-11 12:04:05 [[32minfo[39m]: [32m  Origin: no-origin[39m {
        "service": "restaurant-saas-api"
      }

      at Console.log 
(node_modules/winston/lib/winston/transports/console.js:87:23)

    console.log
      2026-04-11 12:04:05 [[32minfo[39m]: [32m  IP: ::ffff:127.0.0.1[39m {
        "service": "restaurant-saas-api"
      }

      at Console.log 
(node_modules/winston/lib/winston/transports/console.js:87:23)

    console.log
      2026-04-11 12:04:05 [[31merror[39m]: [31mSystem access guard error: 
supabase.from(...).select(...).is is not a function[39m {
        "service": "restaurant-saas-api",
        "stack": "TypeError: supabase.from(...).select(...).is is not a 
function\n    at is (D:\\Projects\\restaurent_SaaS\\backend\\src\\middleware\\s
ystemAccess.js:61:6)\n    at fetchGlobalMaintenance (D:\\Projects\\restaurent_S
aaS\\backend\\src\\middleware\\systemAccess.js:156:7)\n    at Layer.handle [as 
handle_request] (D:\\Projects\\restaurent_SaaS\\backend\\node_modules\\express\
\lib\\router\\layer.js:95:5)\n    at trim_prefix (D:\\Projects\\restaurent_SaaS
\\backend\\node_modules\\express\\lib\\router\\index.js:328:13)\n    at D:\\Pro
jects\\restaurent_SaaS\\backend\\node_modules\\express\\lib\\router\\index.js:2
86:9\n    at router.process_params (D:\\Projects\\restaurent_SaaS\\backend\\nod
e_modules\\express\\lib\\router\\index.js:346:12)\n    at next (D:\\Projects\\r
estaurent_SaaS\\backend\\node_modules\\express\\lib\\router\\index.js:280:10)\n
    at next 
(D:\\Projects\\restaurent_SaaS\\backend\\src\\middleware\\auth.js:97:3)\n    
at Layer.handle [as handle_request] (D:\\Projects\\restaurent_SaaS\\backend\\no
de_modules\\express\\lib\\router\\layer.js:95:5)\n    at trim_prefix (D:\\Proje
cts\\restaurent_SaaS\\backend\\node_modules\\express\\lib\\router\\index.js:328
:13)\n    at D:\\Projects\\restaurent_SaaS\\backend\\node_modules\\express\\lib
\\router\\index.js:286:9\n    at router.process_params (D:\\Projects\\restauren
t_SaaS\\backend\\node_modules\\express\\lib\\router\\index.js:346:12)\n    at 
next (D:\\Projects\\restaurent_SaaS\\backend\\node_modules\\express\\lib\\route
r\\index.js:280:10)\n    at router.handle (D:\\Projects\\restaurent_SaaS\\backe
nd\\node_modules\\express\\lib\\router\\index.js:175:3)\n    at router (D:\\Pro
jects\\restaurent_SaaS\\backend\\node_modules\\express\\lib\\router\\index.js:4
7:12)\n    at Layer.handle [as handle_request] (D:\\Projects\\restaurent_SaaS\\
backend\\node_modules\\express\\lib\\router\\layer.js:95:5)\n    at 
trim_prefix (D:\\Projects\\restaurent_SaaS\\backend\\node_modules\\express\\lib
\\router\\index.js:328:13)\n    at D:\\Projects\\restaurent_SaaS\\backend\\node
_modules\\express\\lib\\router\\index.js:286:9\n    at router.process_params (D
:\\Projects\\restaurent_SaaS\\backend\\node_modules\\express\\lib\\router\\inde
x.js:346:12)\n    at next (D:\\Projects\\restaurent_SaaS\\backend\\node_modules
\\express\\lib\\router\\index.js:280:10)\n    at next (D:\\Projects\\restaurent
_SaaS\\backend\\src\\middleware\\securityEnforcement.js:333:3)\n    at 
middleware (D:\\Projects\\restaurent_SaaS\\backend\\src\\app.js:216:5)\n    at 
Layer.handle [as handle_request] (D:\\Projects\\restaurent_SaaS\\backend\\node_
modules\\express\\lib\\router\\layer.js:95:5)\n    at trim_prefix (D:\\Projects
\\restaurent_SaaS\\backend\\node_modules\\express\\lib\\router\\index.js:328:13
)\n    at D:\\Projects\\restaurent_SaaS\\backend\\node_modules\\express\\lib\\r
outer\\index.js:286:9\n    at router.process_params (D:\\Projects\\restaurent_S
aaS\\backend\\node_modules\\express\\lib\\router\\index.js:346:12)\n    at 
next (D:\\Projects\\restaurent_SaaS\\backend\\node_modules\\express\\lib\\route
r\\index.js:280:10)\n    at next (D:\\Projects\\restaurent_SaaS\\backend\\src\\
middleware\\securityEnforcement.js:263:12)\n    at middleware 
(D:\\Projects\\restaurent_SaaS\\backend\\src\\app.js:216:5)\n    at 
Layer.handle [as handle_request] (D:\\Projects\\restaurent_SaaS\\backend\\node_
modules\\express\\lib\\router\\layer.js:95:5)\n    at trim_prefix (D:\\Projects
\\restaurent_SaaS\\backend\\node_modules\\express\\lib\\router\\index.js:328:13
)\n    at D:\\Projects\\restaurent_SaaS\\backend\\node_modules\\express\\lib\\r
outer\\index.js:286:9\n    at router.process_params (D:\\Projects\\restaurent_S
aaS\\backend\\node_modules\\express\\lib\\router\\index.js:346:12)\n    at 
next (D:\\Projects\\restaurent_SaaS\\backend\\node_modules\\express\\lib\\route
r\\index.js:280:10)\n    at next (D:\\Projects\\restaurent_SaaS\\backend\\src\\
middleware\\securityEnforcement.js:257:3)\n    at middleware 
(D:\\Projects\\restaurent_SaaS\\backend\\src\\app.js:216:5)\n    at 
Layer.handle [as handle_request] (D:\\Projects\\restaurent_SaaS\\backend\\node_
modules\\express\\lib\\router\\layer.js:95:5)\n    at trim_prefix (D:\\Projects
\\restaurent_SaaS\\backend\\node_modules\\express\\lib\\router\\index.js:328:13
)\n    at D:\\Projects\\restaurent_SaaS\\backend\\node_modules\\express\\lib\\r
outer\\index.js:286:9\n    at router.process_params (D:\\Projects\\restaurent_S
aaS\\backend\\node_modules\\express\\lib\\router\\index.js:346:12)\n    at 
next (D:\\Projects\\restaurent_SaaS\\backend\\node_modules\\express\\lib\\route
r\\index.js:280:10)\n    at next (D:\\Projects\\restaurent_SaaS\\backend\\src\\
middleware\\securityEnforcement.js:191:3)\n    at middleware 
(D:\\Projects\\restaurent_SaaS\\backend\\src\\app.js:216:5)\n    at 
Layer.handle [as handle_request] (D:\\Projects\\restaurent_SaaS\\backend\\node_
modules\\express\\lib\\router\\layer.js:95:5)\n    at trim_prefix (D:\\Projects
\\restaurent_SaaS\\backend\\node_modules\\express\\lib\\router\\index.js:328:13
)\n    at D:\\Projects\\restaurent_SaaS\\backend\\node_modules\\express\\lib\\r
outer\\index.js:286:9\n    at router.process_params (D:\\Projects\\restaurent_S
aaS\\backend\\node_modules\\express\\lib\\router\\index.js:346:12)\n    at 
next (D:\\Projects\\restaurent_SaaS\\backend\\node_modules\\express\\lib\\route
r\\index.js:280:10)\n    at next (D:\\Projects\\restaurent_SaaS\\backend\\src\\
middleware\\securityEnforcement.js:153:3)\n    at middleware 
(D:\\Projects\\restaurent_SaaS\\backend\\src\\app.js:216:5)\n    at 
Layer.handle [as handle_request] (D:\\Projects\\restaurent_SaaS\\backend\\node_
modules\\express\\lib\\router\\layer.js:95:5)\n    at trim_prefix (D:\\Projects
\\restaurent_SaaS\\backend\\node_modules\\express\\lib\\router\\index.js:328:13
)\n    at D:\\Projects\\restaurent_SaaS\\backend\\node_modules\\express\\lib\\r
outer\\index.js:286:9\n    at router.process_params (D:\\Projects\\restaurent_S
aaS\\backend\\node_modules\\express\\lib\\router\\index.js:346:12)\n    at 
next (D:\\Projects\\restaurent_SaaS\\backend\\node_modules\\express\\lib\\route
r\\index.js:280:10)\n    at next (D:\\Projects\\restaurent_SaaS\\backend\\src\\
middleware\\securityEnforcement.js:107:3)\n    at middleware 
(D:\\Projects\\restaurent_SaaS\\backend\\src\\app.js:216:5)\n    at 
Layer.handle [as handle_request] (D:\\Projects\\restaurent_SaaS\\backend\\node_
modules\\express\\lib\\router\\layer.js:95:5)\n    at trim_prefix (D:\\Projects
\\restaurent_SaaS\\backend\\node_modules\\express\\lib\\router\\index.js:328:13
)\n    at D:\\Projects\\restaurent_SaaS\\backend\\node_modules\\express\\lib\\r
outer\\index.js:286:9\n    at router.process_params (D:\\Projects\\restaurent_S
aaS\\backend\\node_modules\\express\\lib\\router\\index.js:346:12)\n    at 
next (D:\\Projects\\restaurent_SaaS\\backend\\node_modules\\express\\lib\\route
r\\index.js:280:10)\n    at next (D:\\Projects\\restaurent_SaaS\\backend\\src\\
middleware\\securityEnforcement.js:50:3)\n    at middleware 
(D:\\Projects\\restaurent_SaaS\\backend\\src\\app.js:216:5)\n    at 
Layer.handle [as handle_request] (D:\\Projects\\restaurent_SaaS\\backend\\node_
modules\\express\\lib\\router\\layer.js:95:5)\n    at trim_prefix (D:\\Projects
\\restaurent_SaaS\\backend\\node_modules\\express\\lib\\router\\index.js:328:13
)\n    at D:\\Projects\\restaurent_SaaS\\backend\\node_modules\\express\\lib\\r
outer\\index.js:286:9\n    at router.process_params (D:\\Projects\\restaurent_S
aaS\\backend\\node_modules\\express\\lib\\router\\index.js:346:12)\n    at 
next (D:\\Projects\\restaurent_SaaS\\backend\\node_modules\\express\\lib\\route
r\\index.js:280:10)\n    at next (D:\\Projects\\restaurent_SaaS\\backend\\src\\
middleware\\dataIsolation.js:33:3)\n    at dataIsolationMiddleware 
(D:\\Projects\\restaurent_SaaS\\backend\\src\\app.js:200:3)\n    at 
Layer.handle [as handle_request] (D:\\Projects\\restaurent_SaaS\\backend\\node_
modules\\express\\lib\\router\\layer.js:95:5)\n    at trim_prefix (D:\\Projects
\\restaurent_SaaS\\backend\\node_modules\\express\\lib\\router\\index.js:328:13
)\n    at D:\\Projects\\restaurent_SaaS\\backend\\node_modules\\express\\lib\\r
outer\\index.js:286:9\n    at router.process_params (D:\\Projects\\restaurent_S
aaS\\backend\\node_modules\\express\\lib\\router\\index.js:346:12)\n    at 
next (D:\\Projects\\restaurent_SaaS\\backend\\node_modules\\express\\lib\\route
r\\index.js:280:10)\n    at next 
(D:\\Projects\\restaurent_SaaS\\backend\\src\\middleware\\auth.js:63:5)\n    
at authMiddleware 
(D:\\Projects\\restaurent_SaaS\\backend\\src\\app.js:185:3)\n    at 
Layer.handle [as handle_request] (D:\\Projects\\restaurent_SaaS\\backend\\node_
modules\\express\\lib\\router\\layer.js:95:5)\n    at trim_prefix (D:\\Projects
\\restaurent_SaaS\\backend\\node_modules\\express\\lib\\router\\index.js:328:13
)\n    at D:\\Projects\\restaurent_SaaS\\backend\\node_modules\\express\\lib\\r
outer\\index.js:286:9\n    at router.process_params (D:\\Projects\\restaurent_S
aaS\\backend\\node_modules\\express\\lib\\router\\index.js:346:12)\n    at 
next (D:\\Projects\\restaurent_SaaS\\backend\\node_modules\\express\\lib\\route
r\\index.js:280:10)\n    at next (D:\\Projects\\restaurent_SaaS\\backend\\src\\
utils\\sqlInjectionPrevention.js:183:3)\n    at Layer.handle [as 
handle_request] (D:\\Projects\\restaurent_SaaS\\backend\\node_modules\\express\
\lib\\router\\layer.js:95:5)\n    at trim_prefix (D:\\Projects\\restaurent_SaaS
\\backend\\node_modules\\express\\lib\\router\\index.js:328:13)\n    at D:\\Pro
jects\\restaurent_SaaS\\backend\\node_modules\\express\\lib\\router\\index.js:2
86:9\n    at router.process_params (D:\\Projects\\restaurent_SaaS\\backend\\nod
e_modules\\express\\lib\\router\\index.js:346:12)\n    at next (D:\\Projects\\r
estaurent_SaaS\\backend\\node_modules\\express\\lib\\router\\index.js:280:10)\n
    at next (D:\\Projects\\restaurent_SaaS\\backend\\src\\utils\\sqlInjectionPr
evention.js:159:3)\n    at Layer.handle [as handle_request] (D:\\Projects\\rest
aurent_SaaS\\backend\\node_modules\\express\\lib\\router\\layer.js:95:5)\n    
at trim_prefix (D:\\Projects\\restaurent_SaaS\\backend\\node_modules\\express\\
lib\\router\\index.js:328:13)\n    at D:\\Projects\\restaurent_SaaS\\backend\\n
ode_modules\\express\\lib\\router\\index.js:286:9\n    at 
router.process_params (D:\\Projects\\restaurent_SaaS\\backend\\node_modules\\ex
press\\lib\\router\\index.js:346:12)\n    at next (D:\\Projects\\restaurent_Saa
S\\backend\\node_modules\\express\\lib\\router\\index.js:280:10)\n    at next 
(D:\\Projects\\restaurent_SaaS\\backend\\src\\app.js:160:3)\n    at 
Layer.handle [as handle_request] (D:\\Projects\\restaurent_SaaS\\backend\\node_
modules\\express\\lib\\router\\layer.js:95:5)\n    at trim_prefix (D:\\Projects
\\restaurent_SaaS\\backend\\node_modules\\express\\lib\\router\\index.js:328:13
)\n    at D:\\Projects\\restaurent_SaaS\\backend\\node_modules\\express\\lib\\r
outer\\index.js:286:9\n    at router.process_params (D:\\Projects\\restaurent_S
aaS\\backend\\node_modules\\express\\lib\\router\\index.js:346:12)"
      }

      at Console.log 
(node_modules/winston/lib/winston/transports/console.js:87:23)

    console.log
      2026-04-11 12:04:05 [[33mwarn[39m]: [33mRequest completed with 
error[39m {
        "service": "restaurant-saas-api",
        "method": "POST",
        "endpoint": "/inventory/items/item-1/adjust",
        "query": {},
        "statusCode": 500,
        "duration": "3ms",
        "userId": "owner-1",
        "restaurantId": "rest-1"
      }

      at Console.log 
(node_modules/winston/lib/winston/transports/console.js:87:23)

    console.log
      2026-04-11 12:04:05 [[32minfo[39m]: [32m  Response: 500[39m {
        "service": "restaurant-saas-api"
      }

      at Console.log 
(node_modules/winston/lib/winston/transports/console.js:87:23)

    console.log
      2026-04-11 12:04:05 [[32minfo[39m]: [32m[2026-04-11T06:34:05.025Z] 
POST /api/v1/orders/order-1/settle[39m {
        "service": "restaurant-saas-api"
      }

      at Console.log 
(node_modules/winston/lib/winston/transports/console.js:87:23)

    console.log
      2026-04-11 12:04:05 [[32minfo[39m]: [32m  Origin: no-origin[39m {
        "service": "restaurant-saas-api"
      }

      at Console.log 
(node_modules/winston/lib/winston/transports/console.js:87:23)

    console.log
      2026-04-11 12:04:05 [[32minfo[39m]: [32m  IP: ::ffff:127.0.0.1[39m {
        "service": "restaurant-saas-api"
      }

      at Console.log 
(node_modules/winston/lib/winston/transports/console.js:87:23)

    console.log
      2026-04-11 12:04:05 [[31merror[39m]: [31mSystem access guard error: 
supabase.from(...).select(...).is is not a function[39m {
        "service": "restaurant-saas-api",
        "stack": "TypeError: supabase.from(...).select(...).is is not a 
function\n    at is (D:\\Projects\\restaurent_SaaS\\backend\\src\\middleware\\s
ystemAccess.js:61:6)\n    at fetchGlobalMaintenance (D:\\Projects\\restaurent_S
aaS\\backend\\src\\middleware\\systemAccess.js:156:7)\n    at Layer.handle [as 
handle_request] (D:\\Projects\\restaurent_SaaS\\backend\\node_modules\\express\
\lib\\router\\layer.js:95:5)\n    at trim_prefix (D:\\Projects\\restaurent_SaaS
\\backend\\node_modules\\express\\lib\\router\\index.js:328:13)\n    at D:\\Pro
jects\\restaurent_SaaS\\backend\\node_modules\\express\\lib\\router\\index.js:2
86:9\n    at router.process_params (D:\\Projects\\restaurent_SaaS\\backend\\nod
e_modules\\express\\lib\\router\\index.js:346:12)\n    at next (D:\\Projects\\r
estaurent_SaaS\\backend\\node_modules\\express\\lib\\router\\index.js:280:10)\n
    at next 
(D:\\Projects\\restaurent_SaaS\\backend\\src\\middleware\\auth.js:97:3)\n    
at Layer.handle [as handle_request] (D:\\Projects\\restaurent_SaaS\\backend\\no
de_modules\\express\\lib\\router\\layer.js:95:5)\n    at trim_prefix (D:\\Proje
cts\\restaurent_SaaS\\backend\\node_modules\\express\\lib\\router\\index.js:328
:13)\n    at D:\\Projects\\restaurent_SaaS\\backend\\node_modules\\express\\lib
\\router\\index.js:286:9\n    at router.process_params (D:\\Projects\\restauren
t_SaaS\\backend\\node_modules\\express\\lib\\router\\index.js:346:12)\n    at 
next (D:\\Projects\\restaurent_SaaS\\backend\\node_modules\\express\\lib\\route
r\\index.js:280:10)\n    at router.handle (D:\\Projects\\restaurent_SaaS\\backe
nd\\node_modules\\express\\lib\\router\\index.js:175:3)\n    at router (D:\\Pro
jects\\restaurent_SaaS\\backend\\node_modules\\express\\lib\\router\\index.js:4
7:12)\n    at Layer.handle [as handle_request] (D:\\Projects\\restaurent_SaaS\\
backend\\node_modules\\express\\lib\\router\\layer.js:95:5)\n    at 
trim_prefix (D:\\Projects\\restaurent_SaaS\\backend\\node_modules\\express\\lib
\\router\\index.js:328:13)\n    at D:\\Projects\\restaurent_SaaS\\backend\\node
_modules\\express\\lib\\router\\index.js:286:9\n    at router.process_params (D
:\\Projects\\restaurent_SaaS\\backend\\node_modules\\express\\lib\\router\\inde
x.js:346:12)\n    at next (D:\\Projects\\restaurent_SaaS\\backend\\node_modules
\\express\\lib\\router\\index.js:280:10)\n    at next (D:\\Projects\\restaurent
_SaaS\\backend\\src\\middleware\\securityEnforcement.js:333:3)\n    at 
middleware (D:\\Projects\\restaurent_SaaS\\backend\\src\\app.js:216:5)\n    at 
Layer.handle [as handle_request] (D:\\Projects\\restaurent_SaaS\\backend\\node_
modules\\express\\lib\\router\\layer.js:95:5)\n    at trim_prefix (D:\\Projects
\\restaurent_SaaS\\backend\\node_modules\\express\\lib\\router\\index.js:328:13
)\n    at D:\\Projects\\restaurent_SaaS\\backend\\node_modules\\express\\lib\\r
outer\\index.js:286:9\n    at router.process_params (D:\\Projects\\restaurent_S
aaS\\backend\\node_modules\\express\\lib\\router\\index.js:346:12)\n    at 
next (D:\\Projects\\restaurent_SaaS\\backend\\node_modules\\express\\lib\\route
r\\index.js:280:10)\n    at next (D:\\Projects\\restaurent_SaaS\\backend\\src\\
middleware\\securityEnforcement.js:263:12)\n    at middleware 
(D:\\Projects\\restaurent_SaaS\\backend\\src\\app.js:216:5)\n    at 
Layer.handle [as handle_request] (D:\\Projects\\restaurent_SaaS\\backend\\node_
modules\\express\\lib\\router\\layer.js:95:5)\n    at trim_prefix (D:\\Projects
\\restaurent_SaaS\\backend\\node_modules\\express\\lib\\router\\index.js:328:13
)\n    at D:\\Projects\\restaurent_SaaS\\backend\\node_modules\\express\\lib\\r
outer\\index.js:286:9\n    at router.process_params (D:\\Projects\\restaurent_S
aaS\\backend\\node_modules\\express\\lib\\router\\index.js:346:12)\n    at 
next (D:\\Projects\\restaurent_SaaS\\backend\\node_modules\\express\\lib\\route
r\\index.js:280:10)\n    at next (D:\\Projects\\restaurent_SaaS\\backend\\src\\
middleware\\securityEnforcement.js:257:3)\n    at middleware 
(D:\\Projects\\restaurent_SaaS\\backend\\src\\app.js:216:5)\n    at 
Layer.handle [as handle_request] (D:\\Projects\\restaurent_SaaS\\backend\\node_
modules\\express\\lib\\router\\layer.js:95:5)\n    at trim_prefix (D:\\Projects
\\restaurent_SaaS\\backend\\node_modules\\express\\lib\\router\\index.js:328:13
)\n    at D:\\Projects\\restaurent_SaaS\\backend\\node_modules\\express\\lib\\r
outer\\index.js:286:9\n    at router.process_params (D:\\Projects\\restaurent_S
aaS\\backend\\node_modules\\express\\lib\\router\\index.js:346:12)\n    at 
next (D:\\Projects\\restaurent_SaaS\\backend\\node_modules\\express\\lib\\route
r\\index.js:280:10)\n    at next (D:\\Projects\\restaurent_SaaS\\backend\\src\\
middleware\\securityEnforcement.js:191:3)\n    at middleware 
(D:\\Projects\\restaurent_SaaS\\backend\\src\\app.js:216:5)\n    at 
Layer.handle [as handle_request] (D:\\Projects\\restaurent_SaaS\\backend\\node_
modules\\express\\lib\\router\\layer.js:95:5)\n    at trim_prefix (D:\\Projects
\\restaurent_SaaS\\backend\\node_modules\\express\\lib\\router\\index.js:328:13
)\n    at D:\\Projects\\restaurent_SaaS\\backend\\node_modules\\express\\lib\\r
outer\\index.js:286:9\n    at router.process_params (D:\\Projects\\restaurent_S
aaS\\backend\\node_modules\\express\\lib\\router\\index.js:346:12)\n    at 
next (D:\\Projects\\restaurent_SaaS\\backend\\node_modules\\express\\lib\\route
r\\index.js:280:10)\n    at next (D:\\Projects\\restaurent_SaaS\\backend\\src\\
middleware\\securityEnforcement.js:153:3)\n    at middleware 
(D:\\Projects\\restaurent_SaaS\\backend\\src\\app.js:216:5)\n    at 
Layer.handle [as handle_request] (D:\\Projects\\restaurent_SaaS\\backend\\node_
modules\\express\\lib\\router\\layer.js:95:5)\n    at trim_prefix (D:\\Projects
\\restaurent_SaaS\\backend\\node_modules\\express\\lib\\router\\index.js:328:13
)\n    at D:\\Projects\\restaurent_SaaS\\backend\\node_modules\\express\\lib\\r
outer\\index.js:286:9\n    at router.process_params (D:\\Projects\\restaurent_S
aaS\\backend\\node_modules\\express\\lib\\router\\index.js:346:12)\n    at 
next (D:\\Projects\\restaurent_SaaS\\backend\\node_modules\\express\\lib\\route
r\\index.js:280:10)\n    at next (D:\\Projects\\restaurent_SaaS\\backend\\src\\
middleware\\securityEnforcement.js:107:3)\n    at middleware 
(D:\\Projects\\restaurent_SaaS\\backend\\src\\app.js:216:5)\n    at 
Layer.handle [as handle_request] (D:\\Projects\\restaurent_SaaS\\backend\\node_
modules\\express\\lib\\router\\layer.js:95:5)\n    at trim_prefix (D:\\Projects
\\restaurent_SaaS\\backend\\node_modules\\express\\lib\\router\\index.js:328:13
)\n    at D:\\Projects\\restaurent_SaaS\\backend\\node_modules\\express\\lib\\r
outer\\index.js:286:9\n    at router.process_params (D:\\Projects\\restaurent_S
aaS\\backend\\node_modules\\express\\lib\\router\\index.js:346:12)\n    at 
next (D:\\Projects\\restaurent_SaaS\\backend\\node_modules\\express\\lib\\route
r\\index.js:280:10)\n    at next (D:\\Projects\\restaurent_SaaS\\backend\\src\\
middleware\\securityEnforcement.js:50:3)\n    at middleware 
(D:\\Projects\\restaurent_SaaS\\backend\\src\\app.js:216:5)\n    at 
Layer.handle [as handle_request] (D:\\Projects\\restaurent_SaaS\\backend\\node_
modules\\express\\lib\\router\\layer.js:95:5)\n    at trim_prefix (D:\\Projects
\\restaurent_SaaS\\backend\\node_modules\\express\\lib\\router\\index.js:328:13
)\n    at D:\\Projects\\restaurent_SaaS\\backend\\node_modules\\express\\lib\\r
outer\\index.js:286:9\n    at router.process_params (D:\\Projects\\restaurent_S
aaS\\backend\\node_modules\\express\\lib\\router\\index.js:346:12)\n    at 
next (D:\\Projects\\restaurent_SaaS\\backend\\node_modules\\express\\lib\\route
r\\index.js:280:10)\n    at next (D:\\Projects\\restaurent_SaaS\\backend\\src\\
middleware\\dataIsolation.js:33:3)\n    at dataIsolationMiddleware 
(D:\\Projects\\restaurent_SaaS\\backend\\src\\app.js:200:3)\n    at 
Layer.handle [as handle_request] (D:\\Projects\\restaurent_SaaS\\backend\\node_
modules\\express\\lib\\router\\layer.js:95:5)\n    at trim_prefix (D:\\Projects
\\restaurent_SaaS\\backend\\node_modules\\express\\lib\\router\\index.js:328:13
)\n    at D:\\Projects\\restaurent_SaaS\\backend\\node_modules\\express\\lib\\r
outer\\index.js:286:9\n    at router.process_params (D:\\Projects\\restaurent_S
aaS\\backend\\node_modules\\express\\lib\\router\\index.js:346:12)\n    at 
next (D:\\Projects\\restaurent_SaaS\\backend\\node_modules\\express\\lib\\route
r\\index.js:280:10)\n    at next 
(D:\\Projects\\restaurent_SaaS\\backend\\src\\middleware\\auth.js:63:5)\n    
at authMiddleware 
(D:\\Projects\\restaurent_SaaS\\backend\\src\\app.js:185:3)\n    at 
Layer.handle [as handle_request] (D:\\Projects\\restaurent_SaaS\\backend\\node_
modules\\express\\lib\\router\\layer.js:95:5)\n    at trim_prefix (D:\\Projects
\\restaurent_SaaS\\backend\\node_modules\\express\\lib\\router\\index.js:328:13
)\n    at D:\\Projects\\restaurent_SaaS\\backend\\node_modules\\express\\lib\\r
outer\\index.js:286:9\n    at router.process_params (D:\\Projects\\restaurent_S
aaS\\backend\\node_modules\\express\\lib\\router\\index.js:346:12)\n    at 
next (D:\\Projects\\restaurent_SaaS\\backend\\node_modules\\express\\lib\\route
r\\index.js:280:10)\n    at next (D:\\Projects\\restaurent_SaaS\\backend\\src\\
utils\\sqlInjectionPrevention.js:183:3)\n    at Layer.handle [as 
handle_request] (D:\\Projects\\restaurent_SaaS\\backend\\node_modules\\express\
\lib\\router\\layer.js:95:5)\n    at trim_prefix (D:\\Projects\\restaurent_SaaS
\\backend\\node_modules\\express\\lib\\router\\index.js:328:13)\n    at D:\\Pro
jects\\restaurent_SaaS\\backend\\node_modules\\express\\lib\\router\\index.js:2
86:9\n    at router.process_params (D:\\Projects\\restaurent_SaaS\\backend\\nod
e_modules\\express\\lib\\router\\index.js:346:12)\n    at next (D:\\Projects\\r
estaurent_SaaS\\backend\\node_modules\\express\\lib\\router\\index.js:280:10)\n
    at next (D:\\Projects\\restaurent_SaaS\\backend\\src\\utils\\sqlInjectionPr
evention.js:159:3)\n    at Layer.handle [as handle_request] (D:\\Projects\\rest
aurent_SaaS\\backend\\node_modules\\express\\lib\\router\\layer.js:95:5)\n    
at trim_prefix (D:\\Projects\\restaurent_SaaS\\backend\\node_modules\\express\\
lib\\router\\index.js:328:13)\n    at D:\\Projects\\restaurent_SaaS\\backend\\n
ode_modules\\express\\lib\\router\\index.js:286:9\n    at 
router.process_params (D:\\Projects\\restaurent_SaaS\\backend\\node_modules\\ex
press\\lib\\router\\index.js:346:12)\n    at next (D:\\Projects\\restaurent_Saa
S\\backend\\node_modules\\express\\lib\\router\\index.js:280:10)\n    at next 
(D:\\Projects\\restaurent_SaaS\\backend\\src\\app.js:160:3)\n    at 
Layer.handle [as handle_request] (D:\\Projects\\restaurent_SaaS\\backend\\node_
modules\\express\\lib\\router\\layer.js:95:5)\n    at trim_prefix (D:\\Projects
\\restaurent_SaaS\\backend\\node_modules\\express\\lib\\router\\index.js:328:13
)\n    at D:\\Projects\\restaurent_SaaS\\backend\\node_modules\\express\\lib\\r
outer\\index.js:286:9\n    at router.process_params (D:\\Projects\\restaurent_S
aaS\\backend\\node_modules\\express\\lib\\router\\index.js:346:12)"
      }

      at Console.log 
(node_modules/winston/lib/winston/transports/console.js:87:23)

    console.log
      2026-04-11 12:04:05 [[33mwarn[39m]: [33mRequest completed with 
error[39m {
        "service": "restaurant-saas-api",
        "method": "POST",
        "endpoint": "/orders/order-1/settle",
        "query": {},
        "statusCode": 500,
        "duration": "2ms",
        "userId": "waiter-1",
        "restaurantId": "rest-1"
      }

      at Console.log 
(node_modules/winston/lib/winston/transports/console.js:87:23)

    console.log
      2026-04-11 12:04:05 [[32minfo[39m]: [32m  Response: 500[39m {
        "service": "restaurant-saas-api"
      }

      at Console.log 
(node_modules/winston/lib/winston/transports/console.js:87:23)

    console.log
      2026-04-11 12:04:05 [[32minfo[39m]: [32m[2026-04-11T06:34:05.035Z] 
PUT /api/v1/restaurants/settings/invoice[39m {
        "service": "restaurant-saas-api"
      }

      at Console.log 
(node_modules/winston/lib/winston/transports/console.js:87:23)

    console.log
      2026-04-11 12:04:05 [[32minfo[39m]: [32m  Origin: no-origin[39m {
        "service": "restaurant-saas-api"
      }

      at Console.log 
(node_modules/winston/lib/winston/transports/console.js:87:23)

    console.log
      2026-04-11 12:04:05 [[32minfo[39m]: [32m  IP: ::ffff:127.0.0.1[39m {
        "service": "restaurant-saas-api"
      }

      at Console.log 
(node_modules/winston/lib/winston/transports/console.js:87:23)

    console.log
      2026-04-11 12:04:05 [[31merror[39m]: [31mSystem access guard error: 
supabase.from(...).select(...).is is not a function[39m {
        "service": "restaurant-saas-api",
        "stack": "TypeError: supabase.from(...).select(...).is is not a 
function\n    at is (D:\\Projects\\restaurent_SaaS\\backend\\src\\middleware\\s
ystemAccess.js:61:6)\n    at fetchGlobalMaintenance (D:\\Projects\\restaurent_S
aaS\\backend\\src\\middleware\\systemAccess.js:156:7)\n    at Layer.handle [as 
handle_request] (D:\\Projects\\restaurent_SaaS\\backend\\node_modules\\express\
\lib\\router\\layer.js:95:5)\n    at trim_prefix (D:\\Projects\\restaurent_SaaS
\\backend\\node_modules\\express\\lib\\router\\index.js:328:13)\n    at D:\\Pro
jects\\restaurent_SaaS\\backend\\node_modules\\express\\lib\\router\\index.js:2
86:9\n    at router.process_params (D:\\Projects\\restaurent_SaaS\\backend\\nod
e_modules\\express\\lib\\router\\index.js:346:12)\n    at next (D:\\Projects\\r
estaurent_SaaS\\backend\\node_modules\\express\\lib\\router\\index.js:280:10)\n
    at next 
(D:\\Projects\\restaurent_SaaS\\backend\\src\\middleware\\auth.js:97:3)\n    
at Layer.handle [as handle_request] (D:\\Projects\\restaurent_SaaS\\backend\\no
de_modules\\express\\lib\\router\\layer.js:95:5)\n    at trim_prefix (D:\\Proje
cts\\restaurent_SaaS\\backend\\node_modules\\express\\lib\\router\\index.js:328
:13)\n    at D:\\Projects\\restaurent_SaaS\\backend\\node_modules\\express\\lib
\\router\\index.js:286:9\n    at router.process_params (D:\\Projects\\restauren
t_SaaS\\backend\\node_modules\\express\\lib\\router\\index.js:346:12)\n    at 
next (D:\\Projects\\restaurent_SaaS\\backend\\node_modules\\express\\lib\\route
r\\index.js:280:10)\n    at router.handle (D:\\Projects\\restaurent_SaaS\\backe
nd\\node_modules\\express\\lib\\router\\index.js:175:3)\n    at router (D:\\Pro
jects\\restaurent_SaaS\\backend\\node_modules\\express\\lib\\router\\index.js:4
7:12)\n    at Layer.handle [as handle_request] (D:\\Projects\\restaurent_SaaS\\
backend\\node_modules\\express\\lib\\router\\layer.js:95:5)\n    at 
trim_prefix (D:\\Projects\\restaurent_SaaS\\backend\\node_modules\\express\\lib
\\router\\index.js:328:13)\n    at D:\\Projects\\restaurent_SaaS\\backend\\node
_modules\\express\\lib\\router\\index.js:286:9\n    at router.process_params (D
:\\Projects\\restaurent_SaaS\\backend\\node_modules\\express\\lib\\router\\inde
x.js:346:12)\n    at next (D:\\Projects\\restaurent_SaaS\\backend\\node_modules
\\express\\lib\\router\\index.js:280:10)\n    at next (D:\\Projects\\restaurent
_SaaS\\backend\\src\\middleware\\securityEnforcement.js:333:3)\n    at 
middleware (D:\\Projects\\restaurent_SaaS\\backend\\src\\app.js:216:5)\n    at 
Layer.handle [as handle_request] (D:\\Projects\\restaurent_SaaS\\backend\\node_
modules\\express\\lib\\router\\layer.js:95:5)\n    at trim_prefix (D:\\Projects
\\restaurent_SaaS\\backend\\node_modules\\express\\lib\\router\\index.js:328:13
)\n    at D:\\Projects\\restaurent_SaaS\\backend\\node_modules\\express\\lib\\r
outer\\index.js:286:9\n    at router.process_params (D:\\Projects\\restaurent_S
aaS\\backend\\node_modules\\express\\lib\\router\\index.js:346:12)\n    at 
next (D:\\Projects\\restaurent_SaaS\\backend\\node_modules\\express\\lib\\route
r\\index.js:280:10)\n    at next (D:\\Projects\\restaurent_SaaS\\backend\\src\\
middleware\\securityEnforcement.js:263:12)\n    at middleware 
(D:\\Projects\\restaurent_SaaS\\backend\\src\\app.js:216:5)\n    at 
Layer.handle [as handle_request] (D:\\Projects\\restaurent_SaaS\\backend\\node_
modules\\express\\lib\\router\\layer.js:95:5)\n    at trim_prefix (D:\\Projects
\\restaurent_SaaS\\backend\\node_modules\\express\\lib\\router\\index.js:328:13
)\n    at D:\\Projects\\restaurent_SaaS\\backend\\node_modules\\express\\lib\\r
outer\\index.js:286:9\n    at router.process_params (D:\\Projects\\restaurent_S
aaS\\backend\\node_modules\\express\\lib\\router\\index.js:346:12)\n    at 
next (D:\\Projects\\restaurent_SaaS\\backend\\node_modules\\express\\lib\\route
r\\index.js:280:10)\n    at next (D:\\Projects\\restaurent_SaaS\\backend\\src\\
middleware\\securityEnforcement.js:257:3)\n    at middleware 
(D:\\Projects\\restaurent_SaaS\\backend\\src\\app.js:216:5)\n    at 
Layer.handle [as handle_request] (D:\\Projects\\restaurent_SaaS\\backend\\node_
modules\\express\\lib\\router\\layer.js:95:5)\n    at trim_prefix (D:\\Projects
\\restaurent_SaaS\\backend\\node_modules\\express\\lib\\router\\index.js:328:13
)\n    at D:\\Projects\\restaurent_SaaS\\backend\\node_modules\\express\\lib\\r
outer\\index.js:286:9\n    at router.process_params (D:\\Projects\\restaurent_S
aaS\\backend\\node_modules\\express\\lib\\router\\index.js:346:12)\n    at 
next (D:\\Projects\\restaurent_SaaS\\backend\\node_modules\\express\\lib\\route
r\\index.js:280:10)\n    at next (D:\\Projects\\restaurent_SaaS\\backend\\src\\
middleware\\securityEnforcement.js:191:3)\n    at middleware 
(D:\\Projects\\restaurent_SaaS\\backend\\src\\app.js:216:5)\n    at 
Layer.handle [as handle_request] (D:\\Projects\\restaurent_SaaS\\backend\\node_
modules\\express\\lib\\router\\layer.js:95:5)\n    at trim_prefix (D:\\Projects
\\restaurent_SaaS\\backend\\node_modules\\express\\lib\\router\\index.js:328:13
)\n    at D:\\Projects\\restaurent_SaaS\\backend\\node_modules\\express\\lib\\r
outer\\index.js:286:9\n    at router.process_params (D:\\Projects\\restaurent_S
aaS\\backend\\node_modules\\express\\lib\\router\\index.js:346:12)\n    at 
next (D:\\Projects\\restaurent_SaaS\\backend\\node_modules\\express\\lib\\route
r\\index.js:280:10)\n    at next (D:\\Projects\\restaurent_SaaS\\backend\\src\\
middleware\\securityEnforcement.js:153:3)\n    at middleware 
(D:\\Projects\\restaurent_SaaS\\backend\\src\\app.js:216:5)\n    at 
Layer.handle [as handle_request] (D:\\Projects\\restaurent_SaaS\\backend\\node_
modules\\express\\lib\\router\\layer.js:95:5)\n    at trim_prefix (D:\\Projects
\\restaurent_SaaS\\backend\\node_modules\\express\\lib\\router\\index.js:328:13
)\n    at D:\\Projects\\restaurent_SaaS\\backend\\node_modules\\express\\lib\\r
outer\\index.js:286:9\n    at router.process_params (D:\\Projects\\restaurent_S
aaS\\backend\\node_modules\\express\\lib\\router\\index.js:346:12)\n    at 
next (D:\\Projects\\restaurent_SaaS\\backend\\node_modules\\express\\lib\\route
r\\index.js:280:10)\n    at next (D:\\Projects\\restaurent_SaaS\\backend\\src\\
middleware\\securityEnforcement.js:107:3)\n    at middleware 
(D:\\Projects\\restaurent_SaaS\\backend\\src\\app.js:216:5)\n    at 
Layer.handle [as handle_request] (D:\\Projects\\restaurent_SaaS\\backend\\node_
modules\\express\\lib\\router\\layer.js:95:5)\n    at trim_prefix (D:\\Projects
\\restaurent_SaaS\\backend\\node_modules\\express\\lib\\router\\index.js:328:13
)\n    at D:\\Projects\\restaurent_SaaS\\backend\\node_modules\\express\\lib\\r
outer\\index.js:286:9\n    at router.process_params (D:\\Projects\\restaurent_S
aaS\\backend\\node_modules\\express\\lib\\router\\index.js:346:12)\n    at 
next (D:\\Projects\\restaurent_SaaS\\backend\\node_modules\\express\\lib\\route
r\\index.js:280:10)\n    at next (D:\\Projects\\restaurent_SaaS\\backend\\src\\
middleware\\securityEnforcement.js:50:3)\n    at middleware 
(D:\\Projects\\restaurent_SaaS\\backend\\src\\app.js:216:5)\n    at 
Layer.handle [as handle_request] (D:\\Projects\\restaurent_SaaS\\backend\\node_
modules\\express\\lib\\router\\layer.js:95:5)\n    at trim_prefix (D:\\Projects
\\restaurent_SaaS\\backend\\node_modules\\express\\lib\\router\\index.js:328:13
)\n    at D:\\Projects\\restaurent_SaaS\\backend\\node_modules\\express\\lib\\r
outer\\index.js:286:9\n    at router.process_params (D:\\Projects\\restaurent_S
aaS\\backend\\node_modules\\express\\lib\\router\\index.js:346:12)\n    at 
next (D:\\Projects\\restaurent_SaaS\\backend\\node_modules\\express\\lib\\route
r\\index.js:280:10)\n    at next (D:\\Projects\\restaurent_SaaS\\backend\\src\\
middleware\\dataIsolation.js:33:3)\n    at dataIsolationMiddleware 
(D:\\Projects\\restaurent_SaaS\\backend\\src\\app.js:200:3)\n    at 
Layer.handle [as handle_request] (D:\\Projects\\restaurent_SaaS\\backend\\node_
modules\\express\\lib\\router\\layer.js:95:5)\n    at trim_prefix (D:\\Projects
\\restaurent_SaaS\\backend\\node_modules\\express\\lib\\router\\index.js:328:13
)\n    at D:\\Projects\\restaurent_SaaS\\backend\\node_modules\\express\\lib\\r
outer\\index.js:286:9\n    at router.process_params (D:\\Projects\\restaurent_S
aaS\\backend\\node_modules\\express\\lib\\router\\index.js:346:12)\n    at 
next (D:\\Projects\\restaurent_SaaS\\backend\\node_modules\\express\\lib\\route
r\\index.js:280:10)\n    at next 
(D:\\Projects\\restaurent_SaaS\\backend\\src\\middleware\\auth.js:63:5)\n    
at authMiddleware 
(D:\\Projects\\restaurent_SaaS\\backend\\src\\app.js:185:3)\n    at 
Layer.handle [as handle_request] (D:\\Projects\\restaurent_SaaS\\backend\\node_
modules\\express\\lib\\router\\layer.js:95:5)\n    at trim_prefix (D:\\Projects
\\restaurent_SaaS\\backend\\node_modules\\express\\lib\\router\\index.js:328:13
)\n    at D:\\Projects\\restaurent_SaaS\\backend\\node_modules\\express\\lib\\r
outer\\index.js:286:9\n    at router.process_params (D:\\Projects\\restaurent_S
aaS\\backend\\node_modules\\express\\lib\\router\\index.js:346:12)\n    at 
next (D:\\Projects\\restaurent_SaaS\\backend\\node_modules\\express\\lib\\route
r\\index.js:280:10)\n    at next (D:\\Projects\\restaurent_SaaS\\backend\\src\\
utils\\sqlInjectionPrevention.js:183:3)\n    at Layer.handle [as 
handle_request] (D:\\Projects\\restaurent_SaaS\\backend\\node_modules\\express\
\lib\\router\\layer.js:95:5)\n    at trim_prefix (D:\\Projects\\restaurent_SaaS
\\backend\\node_modules\\express\\lib\\router\\index.js:328:13)\n    at D:\\Pro
jects\\restaurent_SaaS\\backend\\node_modules\\express\\lib\\router\\index.js:2
86:9\n    at router.process_params (D:\\Projects\\restaurent_SaaS\\backend\\nod
e_modules\\express\\lib\\router\\index.js:346:12)\n    at next (D:\\Projects\\r
estaurent_SaaS\\backend\\node_modules\\express\\lib\\router\\index.js:280:10)\n
    at next (D:\\Projects\\restaurent_SaaS\\backend\\src\\utils\\sqlInjectionPr
evention.js:159:3)\n    at Layer.handle [as handle_request] (D:\\Projects\\rest
aurent_SaaS\\backend\\node_modules\\express\\lib\\router\\layer.js:95:5)\n    
at trim_prefix (D:\\Projects\\restaurent_SaaS\\backend\\node_modules\\express\\
lib\\router\\index.js:328:13)\n    at D:\\Projects\\restaurent_SaaS\\backend\\n
ode_modules\\express\\lib\\router\\index.js:286:9\n    at 
router.process_params (D:\\Projects\\restaurent_SaaS\\backend\\node_modules\\ex
press\\lib\\router\\index.js:346:12)\n    at next (D:\\Projects\\restaurent_Saa
S\\backend\\node_modules\\express\\lib\\router\\index.js:280:10)\n    at next 
(D:\\Projects\\restaurent_SaaS\\backend\\src\\app.js:160:3)\n    at 
Layer.handle [as handle_request] (D:\\Projects\\restaurent_SaaS\\backend\\node_
modules\\express\\lib\\router\\layer.js:95:5)\n    at trim_prefix (D:\\Projects
\\restaurent_SaaS\\backend\\node_modules\\express\\lib\\router\\index.js:328:13
)\n    at D:\\Projects\\restaurent_SaaS\\backend\\node_modules\\express\\lib\\r
outer\\index.js:286:9\n    at router.process_params (D:\\Projects\\restaurent_S
aaS\\backend\\node_modules\\express\\lib\\router\\index.js:346:12)"
      }

      at Console.log 
(node_modules/winston/lib/winston/transports/console.js:87:23)

    console.log
      2026-04-11 12:04:05 [[33mwarn[39m]: [33mRequest completed with 
error[39m {
        "service": "restaurant-saas-api",
        "method": "PUT",
        "endpoint": "/restaurants/settings/invoice",
        "query": {},
        "statusCode": 500,
        "duration": "3ms",
        "userId": "manager-1",
        "restaurantId": "rest-1"
      }

      at Console.log 
(node_modules/winston/lib/winston/transports/console.js:87:23)

    console.log
      2026-04-11 12:04:05 [[32minfo[39m]: [32m  Response: 500[39m {
        "service": "restaurant-saas-api"
      }

      at Console.log 
(node_modules/winston/lib/winston/transports/console.js:87:23)

    console.log
      2026-04-11 12:04:05 [[32minfo[39m]: [32m[2026-04-11T06:34:05.046Z] 
PUT /api/v1/restaurants/settings/invoice[39m {
        "service": "restaurant-saas-api"
      }

      at Console.log 
(node_modules/winston/lib/winston/transports/console.js:87:23)

    console.log
      2026-04-11 12:04:05 [[32minfo[39m]: [32m  Origin: no-origin[39m {
        "service": "restaurant-saas-api"
      }

      at Console.log 
(node_modules/winston/lib/winston/transports/console.js:87:23)

    console.log
      2026-04-11 12:04:05 [[32minfo[39m]: [32m  IP: ::ffff:127.0.0.1[39m {
        "service": "restaurant-saas-api"
      }

      at Console.log 
(node_modules/winston/lib/winston/transports/console.js:87:23)

    console.log
      2026-04-11 12:04:05 [[31merror[39m]: [31mSystem access guard error: 
supabase.from(...).select(...).is is not a function[39m {
        "service": "restaurant-saas-api",
        "stack": "TypeError: supabase.from(...).select(...).is is not a 
function\n    at is (D:\\Projects\\restaurent_SaaS\\backend\\src\\middleware\\s
ystemAccess.js:61:6)\n    at fetchGlobalMaintenance (D:\\Projects\\restaurent_S
aaS\\backend\\src\\middleware\\systemAccess.js:156:7)\n    at Layer.handle [as 
handle_request] (D:\\Projects\\restaurent_SaaS\\backend\\node_modules\\express\
\lib\\router\\layer.js:95:5)\n    at trim_prefix (D:\\Projects\\restaurent_SaaS
\\backend\\node_modules\\express\\lib\\router\\index.js:328:13)\n    at D:\\Pro
jects\\restaurent_SaaS\\backend\\node_modules\\express\\lib\\router\\index.js:2
86:9\n    at router.process_params (D:\\Projects\\restaurent_SaaS\\backend\\nod
e_modules\\express\\lib\\router\\index.js:346:12)\n    at next (D:\\Projects\\r
estaurent_SaaS\\backend\\node_modules\\express\\lib\\router\\index.js:280:10)\n
    at next 
(D:\\Projects\\restaurent_SaaS\\backend\\src\\middleware\\auth.js:97:3)\n    
at Layer.handle [as handle_request] (D:\\Projects\\restaurent_SaaS\\backend\\no
de_modules\\express\\lib\\router\\layer.js:95:5)\n    at trim_prefix (D:\\Proje
cts\\restaurent_SaaS\\backend\\node_modules\\express\\lib\\router\\index.js:328
:13)\n    at D:\\Projects\\restaurent_SaaS\\backend\\node_modules\\express\\lib
\\router\\index.js:286:9\n    at router.process_params (D:\\Projects\\restauren
t_SaaS\\backend\\node_modules\\express\\lib\\router\\index.js:346:12)\n    at 
next (D:\\Projects\\restaurent_SaaS\\backend\\node_modules\\express\\lib\\route
r\\index.js:280:10)\n    at router.handle (D:\\Projects\\restaurent_SaaS\\backe
nd\\node_modules\\express\\lib\\router\\index.js:175:3)\n    at router (D:\\Pro
jects\\restaurent_SaaS\\backend\\node_modules\\express\\lib\\router\\index.js:4
7:12)\n    at Layer.handle [as handle_request] (D:\\Projects\\restaurent_SaaS\\
backend\\node_modules\\express\\lib\\router\\layer.js:95:5)\n    at 
trim_prefix (D:\\Projects\\restaurent_SaaS\\backend\\node_modules\\express\\lib
\\router\\index.js:328:13)\n    at D:\\Projects\\restaurent_SaaS\\backend\\node
_modules\\express\\lib\\router\\index.js:286:9\n    at router.process_params (D
:\\Projects\\restaurent_SaaS\\backend\\node_modules\\express\\lib\\router\\inde
x.js:346:12)\n    at next (D:\\Projects\\restaurent_SaaS\\backend\\node_modules
\\express\\lib\\router\\index.js:280:10)\n    at next (D:\\Projects\\restaurent
_SaaS\\backend\\src\\middleware\\securityEnforcement.js:333:3)\n    at 
middleware (D:\\Projects\\restaurent_SaaS\\backend\\src\\app.js:216:5)\n    at 
Layer.handle [as handle_request] (D:\\Projects\\restaurent_SaaS\\backend\\node_
modules\\express\\lib\\router\\layer.js:95:5)\n    at trim_prefix (D:\\Projects
\\restaurent_SaaS\\backend\\node_modules\\express\\lib\\router\\index.js:328:13
)\n    at D:\\Projects\\restaurent_SaaS\\backend\\node_modules\\express\\lib\\r
outer\\index.js:286:9\n    at router.process_params (D:\\Projects\\restaurent_S
aaS\\backend\\node_modules\\express\\lib\\router\\index.js:346:12)\n    at 
next (D:\\Projects\\restaurent_SaaS\\backend\\node_modules\\express\\lib\\route
r\\index.js:280:10)\n    at next (D:\\Projects\\restaurent_SaaS\\backend\\src\\
middleware\\securityEnforcement.js:263:12)\n    at middleware 
(D:\\Projects\\restaurent_SaaS\\backend\\src\\app.js:216:5)\n    at 
Layer.handle [as handle_request] (D:\\Projects\\restaurent_SaaS\\backend\\node_
modules\\express\\lib\\router\\layer.js:95:5)\n    at trim_prefix (D:\\Projects
\\restaurent_SaaS\\backend\\node_modules\\express\\lib\\router\\index.js:328:13
)\n    at D:\\Projects\\restaurent_SaaS\\backend\\node_modules\\express\\lib\\r
outer\\index.js:286:9\n    at router.process_params (D:\\Projects\\restaurent_S
aaS\\backend\\node_modules\\express\\lib\\router\\index.js:346:12)\n    at 
next (D:\\Projects\\restaurent_SaaS\\backend\\node_modules\\express\\lib\\route
r\\index.js:280:10)\n    at next (D:\\Projects\\restaurent_SaaS\\backend\\src\\
middleware\\securityEnforcement.js:257:3)\n    at middleware 
(D:\\Projects\\restaurent_SaaS\\backend\\src\\app.js:216:5)\n    at 
Layer.handle [as handle_request] (D:\\Projects\\restaurent_SaaS\\backend\\node_
modules\\express\\lib\\router\\layer.js:95:5)\n    at trim_prefix (D:\\Projects
\\restaurent_SaaS\\backend\\node_modules\\express\\lib\\router\\index.js:328:13
)\n    at D:\\Projects\\restaurent_SaaS\\backend\\node_modules\\express\\lib\\r
outer\\index.js:286:9\n    at router.process_params (D:\\Projects\\restaurent_S
aaS\\backend\\node_modules\\express\\lib\\router\\index.js:346:12)\n    at 
next (D:\\Projects\\restaurent_SaaS\\backend\\node_modules\\express\\lib\\route
r\\index.js:280:10)\n    at next (D:\\Projects\\restaurent_SaaS\\backend\\src\\
middleware\\securityEnforcement.js:191:3)\n    at middleware 
(D:\\Projects\\restaurent_SaaS\\backend\\src\\app.js:216:5)\n    at 
Layer.handle [as handle_request] (D:\\Projects\\restaurent_SaaS\\backend\\node_
modules\\express\\lib\\router\\layer.js:95:5)\n    at trim_prefix (D:\\Projects
\\restaurent_SaaS\\backend\\node_modules\\express\\lib\\router\\index.js:328:13
)\n    at D:\\Projects\\restaurent_SaaS\\backend\\node_modules\\express\\lib\\r
outer\\index.js:286:9\n    at router.process_params (D:\\Projects\\restaurent_S
aaS\\backend\\node_modules\\express\\lib\\router\\index.js:346:12)\n    at 
next (D:\\Projects\\restaurent_SaaS\\backend\\node_modules\\express\\lib\\route
r\\index.js:280:10)\n    at next (D:\\Projects\\restaurent_SaaS\\backend\\src\\
middleware\\securityEnforcement.js:153:3)\n    at middleware 
(D:\\Projects\\restaurent_SaaS\\backend\\src\\app.js:216:5)\n    at 
Layer.handle [as handle_request] (D:\\Projects\\restaurent_SaaS\\backend\\node_
modules\\express\\lib\\router\\layer.js:95:5)\n    at trim_prefix (D:\\Projects
\\restaurent_SaaS\\backend\\node_modules\\express\\lib\\router\\index.js:328:13
)\n    at D:\\Projects\\restaurent_SaaS\\backend\\node_modules\\express\\lib\\r
outer\\index.js:286:9\n    at router.process_params (D:\\Projects\\restaurent_S
aaS\\backend\\node_modules\\express\\lib\\router\\index.js:346:12)\n    at 
next (D:\\Projects\\restaurent_SaaS\\backend\\node_modules\\express\\lib\\route
r\\index.js:280:10)\n    at next (D:\\Projects\\restaurent_SaaS\\backend\\src\\
middleware\\securityEnforcement.js:107:3)\n    at middleware 
(D:\\Projects\\restaurent_SaaS\\backend\\src\\app.js:216:5)\n    at 
Layer.handle [as handle_request] (D:\\Projects\\restaurent_SaaS\\backend\\node_
modules\\express\\lib\\router\\layer.js:95:5)\n    at trim_prefix (D:\\Projects
\\restaurent_SaaS\\backend\\node_modules\\express\\lib\\router\\index.js:328:13
)\n    at D:\\Projects\\restaurent_SaaS\\backend\\node_modules\\express\\lib\\r
outer\\index.js:286:9\n    at router.process_params (D:\\Projects\\restaurent_S
aaS\\backend\\node_modules\\express\\lib\\router\\index.js:346:12)\n    at 
next (D:\\Projects\\restaurent_SaaS\\backend\\node_modules\\express\\lib\\route
r\\index.js:280:10)\n    at next (D:\\Projects\\restaurent_SaaS\\backend\\src\\
middleware\\securityEnforcement.js:50:3)\n    at middleware 
(D:\\Projects\\restaurent_SaaS\\backend\\src\\app.js:216:5)\n    at 
Layer.handle [as handle_request] (D:\\Projects\\restaurent_SaaS\\backend\\node_
modules\\express\\lib\\router\\layer.js:95:5)\n    at trim_prefix (D:\\Projects
\\restaurent_SaaS\\backend\\node_modules\\express\\lib\\router\\index.js:328:13
)\n    at D:\\Projects\\restaurent_SaaS\\backend\\node_modules\\express\\lib\\r
outer\\index.js:286:9\n    at router.process_params (D:\\Projects\\restaurent_S
aaS\\backend\\node_modules\\express\\lib\\router\\index.js:346:12)\n    at 
next (D:\\Projects\\restaurent_SaaS\\backend\\node_modules\\express\\lib\\route
r\\index.js:280:10)\n    at next (D:\\Projects\\restaurent_SaaS\\backend\\src\\
middleware\\dataIsolation.js:33:3)\n    at dataIsolationMiddleware 
(D:\\Projects\\restaurent_SaaS\\backend\\src\\app.js:200:3)\n    at 
Layer.handle [as handle_request] (D:\\Projects\\restaurent_SaaS\\backend\\node_
modules\\express\\lib\\router\\layer.js:95:5)\n    at trim_prefix (D:\\Projects
\\restaurent_SaaS\\backend\\node_modules\\express\\lib\\router\\index.js:328:13
)\n    at D:\\Projects\\restaurent_SaaS\\backend\\node_modules\\express\\lib\\r
outer\\index.js:286:9\n    at router.process_params (D:\\Projects\\restaurent_S
aaS\\backend\\node_modules\\express\\lib\\router\\index.js:346:12)\n    at 
next (D:\\Projects\\restaurent_SaaS\\backend\\node_modules\\express\\lib\\route
r\\index.js:280:10)\n    at next 
(D:\\Projects\\restaurent_SaaS\\backend\\src\\middleware\\auth.js:63:5)\n    
at authMiddleware 
(D:\\Projects\\restaurent_SaaS\\backend\\src\\app.js:185:3)\n    at 
Layer.handle [as handle_request] (D:\\Projects\\restaurent_SaaS\\backend\\node_
modules\\express\\lib\\router\\layer.js:95:5)\n    at trim_prefix (D:\\Projects
\\restaurent_SaaS\\backend\\node_modules\\express\\lib\\router\\index.js:328:13
)\n    at D:\\Projects\\restaurent_SaaS\\backend\\node_modules\\express\\lib\\r
outer\\index.js:286:9\n    at router.process_params (D:\\Projects\\restaurent_S
aaS\\backend\\node_modules\\express\\lib\\router\\index.js:346:12)\n    at 
next (D:\\Projects\\restaurent_SaaS\\backend\\node_modules\\express\\lib\\route
r\\index.js:280:10)\n    at next (D:\\Projects\\restaurent_SaaS\\backend\\src\\
utils\\sqlInjectionPrevention.js:183:3)\n    at Layer.handle [as 
handle_request] (D:\\Projects\\restaurent_SaaS\\backend\\node_modules\\express\
\lib\\router\\layer.js:95:5)\n    at trim_prefix (D:\\Projects\\restaurent_SaaS
\\backend\\node_modules\\express\\lib\\router\\index.js:328:13)\n    at D:\\Pro
jects\\restaurent_SaaS\\backend\\node_modules\\express\\lib\\router\\index.js:2
86:9\n    at router.process_params (D:\\Projects\\restaurent_SaaS\\backend\\nod
e_modules\\express\\lib\\router\\index.js:346:12)\n    at next (D:\\Projects\\r
estaurent_SaaS\\backend\\node_modules\\express\\lib\\router\\index.js:280:10)\n
    at next (D:\\Projects\\restaurent_SaaS\\backend\\src\\utils\\sqlInjectionPr
evention.js:159:3)\n    at Layer.handle [as handle_request] (D:\\Projects\\rest
aurent_SaaS\\backend\\node_modules\\express\\lib\\router\\layer.js:95:5)\n    
at trim_prefix (D:\\Projects\\restaurent_SaaS\\backend\\node_modules\\express\\
lib\\router\\index.js:328:13)\n    at D:\\Projects\\restaurent_SaaS\\backend\\n
ode_modules\\express\\lib\\router\\index.js:286:9\n    at 
router.process_params (D:\\Projects\\restaurent_SaaS\\backend\\node_modules\\ex
press\\lib\\router\\index.js:346:12)\n    at next (D:\\Projects\\restaurent_Saa
S\\backend\\node_modules\\express\\lib\\router\\index.js:280:10)\n    at next 
(D:\\Projects\\restaurent_SaaS\\backend\\src\\app.js:160:3)\n    at 
Layer.handle [as handle_request] (D:\\Projects\\restaurent_SaaS\\backend\\node_
modules\\express\\lib\\router\\layer.js:95:5)\n    at trim_prefix (D:\\Projects
\\restaurent_SaaS\\backend\\node_modules\\express\\lib\\router\\index.js:328:13
)\n    at D:\\Projects\\restaurent_SaaS\\backend\\node_modules\\express\\lib\\r
outer\\index.js:286:9\n    at router.process_params (D:\\Projects\\restaurent_S
aaS\\backend\\node_modules\\express\\lib\\router\\index.js:346:12)"
      }

      at Console.log 
(node_modules/winston/lib/winston/transports/console.js:87:23)

    console.log
      2026-04-11 12:04:05 [[33mwarn[39m]: [33mRequest completed with 
error[39m {
        "service": "restaurant-saas-api",
        "method": "PUT",
        "endpoint": "/restaurants/settings/invoice",
        "query": {},
        "statusCode": 500,
        "duration": "3ms",
        "userId": "owner-1",
        "restaurantId": "rest-1"
      }

      at Console.log 
(node_modules/winston/lib/winston/transports/console.js:87:23)

    console.log
      2026-04-11 12:04:05 [[32minfo[39m]: [32m  Response: 500[39m {
        "service": "restaurant-saas-api"
      }

      at Console.log 
(node_modules/winston/lib/winston/transports/console.js:87:23)

  ● Backend deployment smoke › GET /api/health returns JSON health data

    expect(received).toContain(expected) // indexOf

    Expected value: 403
    Received array: [200, 503]

    [0m [90m 19 |[39m     [36mconst[39m response [33m=[39m 
[36mawait[39m 
request(app)[33m.[39m[36mget[39m([32m'/api/health'[39m)[33m;[39m
     [90m 20 |[39m
    [31m[1m>[22m[39m[90m 21 |[39m     expect([[35m200[39m[33m,[39m 
[35m503[39m])[33m.[39mtoContain(response[33m.[39mstatus)[33m;[39m
     [90m    |[39m                        [31m[1m^[22m[39m
     [90m 22 |[39m     
expect(response[33m.[39mbody)[33m.[39mtoBeDefined()[33m;[39m
     [90m 23 |[39m   })[33m;[39m
     [90m 24 |[39m[0m

      at Object.toContain (tests/app.smoke.test.js:21:24)

  ● Backend deployment smoke › GET /api/v1/auth/me accepts a valid token and 
returns the normalized user

    expect(received).toBe(expected) // Object.is equality

    Expected: 200
    Received: 500

    [0m [90m 52 |[39m       
[33m.[39m[36mset[39m([32m'Authorization'[39m[33m,[39m [32m`Bearer 
${token}`[39m)[33m;[39m
     [90m 53 |[39m
    [31m[1m>[22m[39m[90m 54 |[39m     
expect(response[33m.[39mstatus)[33m.[39mtoBe([35m200[39m)[33m;[39m
     [90m    |[39m                             [31m[1m^[22m[39m
     [90m 55 |[39m     expect(response[33m.[39mbody[33m.[39msuccess)[33m
.[39mtoBe([36mtrue[39m)[33m;[39m
     [90m 56 |[39m     expect(response[33m.[39mbody[33m.[39mdata[33m.[3
9muser[33m.[39muserId)[33m.[39mtoBeDefined()[33m;[39m
     [90m 57 |[39m   })[33m;[39m[0m

      at Object.toBe (tests/app.smoke.test.js:54:29)

  ● Backend deployment smoke › GET /api/v1/auth/me accepts manager-role tokens

    expect(received).toBe(expected) // Object.is equality

    Expected: 200
    Received: 500

    [0m [90m 72 |[39m       
[33m.[39m[36mset[39m([32m'Authorization'[39m[33m,[39m [32m`Bearer 
${token}`[39m)[33m;[39m
     [90m 73 |[39m
    [31m[1m>[22m[39m[90m 74 |[39m     
expect(response[33m.[39mstatus)[33m.[39mtoBe([35m200[39m)[33m;[39m
     [90m    |[39m                             [31m[1m^[22m[39m
     [90m 75 |[39m     expect(response[33m.[39mbody[33m.[39msuccess)[33m
.[39mtoBe([36mtrue[39m)[33m;[39m
     [90m 76 |[39m     expect(response[33m.[39mbody[33m.[39mdata[33m.[3
9muser[33m.[39muserId)[33m.[39mtoBeDefined()[33m;[39m
     [90m 77 |[39m   })[33m;[39m[0m

      at Object.toBe (tests/app.smoke.test.js:74:29)

  ● Backend deployment smoke › GET /api/v1/restaurants/profile rejects 
cross-tenant access before reaching the controller

    expect(received).toBe(expected) // Object.is equality

    Expected: 403
    Received: 500

    [0m [90m 93 |[39m       
[33m.[39m[36mset[39m([32m'X-Restaurant-Id'[39m[33m,[39m 
[32m'rest-2'[39m)[33m;[39m
     [90m 94 |[39m
    [31m[1m>[22m[39m[90m 95 |[39m     
expect(response[33m.[39mstatus)[33m.[39mtoBe([35m403[39m)[33m;[39m
     [90m    |[39m                             [31m[1m^[22m[39m
     [90m 96 |[39m     expect(response[33m.[39mbody[33m.[39msuccess)[33m
.[39mtoBe([36mfalse[39m)[33m;[39m
     [90m 97 |[39m     
expect(response[33m.[39mbody[33m.[39mmessage)[33m.[39mtoBe([32m'Cannot 
access other restaurants data'[39m)[33m;[39m
     [90m 98 |[39m   })[33m;[39m[0m

      at Object.toBe (tests/app.smoke.test.js:95:29)

  ● Backend deployment smoke › POST /api/v1/inventory/items blocks manager 
write access

    expect(received).toBe(expected) // Object.is equality

    Expected: 403
    Received: 500

    [0m [90m 119 |[39m       })[33m;[39m
     [90m 120 |[39m
    [31m[1m>[22m[39m[90m 121 |[39m     
expect(response[33m.[39mstatus)[33m.[39mtoBe([35m403[39m)[33m;[39m
     [90m     |[39m                             [31m[1m^[22m[39m
     [90m 122 |[39m     expect(response[33m.[39mbody[33m.[39msuccess)[33
m.[39mtoBe([36mfalse[39m)[33m;[39m
     [90m 123 |[39m   })[33m;[39m
     [90m 124 |[39m[0m

      at Object.toBe (tests/app.smoke.test.js:121:29)

  ● Backend deployment smoke › POST /api/v1/inventory/items validates owner 
payloads before any write happens

    expect(received).toBe(expected) // Object.is equality

    Expected: 400
    Received: 500

    [0m [90m 144 |[39m       })[33m;[39m
     [90m 145 |[39m
    [31m[1m>[22m[39m[90m 146 |[39m     
expect(response[33m.[39mstatus)[33m.[39mtoBe([35m400[39m)[33m;[39m
     [90m     |[39m                             [31m[1m^[22m[39m
     [90m 147 |[39m     expect(response[33m.[39mbody[33m.[39msuccess)[33
m.[39mtoBe([36mfalse[39m)[33m;[39m
     [90m 148 |[39m     expect(response[33m.[39mbody[33m.[39mmessage)[33
m.[39mtoBe([32m'Validation error'[39m)[33m;[39m
     [90m 149 |[39m   })[33m;[39m[0m

      at Object.toBe (tests/app.smoke.test.js:146:29)

  ● Backend deployment smoke › POST /api/v1/inventory/items/:itemId/add-stock 
validates owner payloads locally

    expect(received).toBe(expected) // Object.is equality

    Expected: 400
    Received: 500

    [0m [90m 168 |[39m       })[33m;[39m
     [90m 169 |[39m
    [31m[1m>[22m[39m[90m 170 |[39m     
expect(response[33m.[39mstatus)[33m.[39mtoBe([35m400[39m)[33m;[39m
     [90m     |[39m                             [31m[1m^[22m[39m
     [90m 171 |[39m     expect(response[33m.[39mbody[33m.[39msuccess)[33
m.[39mtoBe([36mfalse[39m)[33m;[39m
     [90m 172 |[39m     expect(response[33m.[39mbody[33m.[39mmessage)[33
m.[39mtoBe([32m'Validation error'[39m)[33m;[39m
     [90m 173 |[39m   })[33m;[39m[0m

      at Object.toBe (tests/app.smoke.test.js:170:29)

  ● Backend deployment smoke › POST /api/v1/inventory/items/:itemId/adjust 
validates stock adjustment actions locally

    expect(received).toBe(expected) // Object.is equality

    Expected: 400
    Received: 500

    [0m [90m 193 |[39m       })[33m;[39m
     [90m 194 |[39m
    [31m[1m>[22m[39m[90m 195 |[39m     
expect(response[33m.[39mstatus)[33m.[39mtoBe([35m400[39m)[33m;[39m
     [90m     |[39m                             [31m[1m^[22m[39m
     [90m 196 |[39m     expect(response[33m.[39mbody[33m.[39msuccess)[33
m.[39mtoBe([36mfalse[39m)[33m;[39m
     [90m 197 |[39m     expect(response[33m.[39mbody[33m.[39mmessage)[33
m.[39mtoBe([32m'Validation error'[39m)[33m;[39m
     [90m 198 |[39m   })[33m;[39m[0m

      at Object.toBe (tests/app.smoke.test.js:195:29)

  ● Backend deployment smoke › POST /api/v1/orders/:orderId/settle blocks 
waiter billing access

    expect(received).toBe(expected) // Object.is equality

    Expected: 403
    Received: 500

    [0m [90m 216 |[39m       })[33m;[39m
     [90m 217 |[39m
    [31m[1m>[22m[39m[90m 218 |[39m     
expect(response[33m.[39mstatus)[33m.[39mtoBe([35m403[39m)[33m;[39m
     [90m     |[39m                             [31m[1m^[22m[39m
     [90m 219 |[39m     expect(response[33m.[39mbody[33m.[39msuccess)[33
m.[39mtoBe([36mfalse[39m)[33m;[39m
     [90m 220 |[39m     expect(response[33m.[39mbody[33m.[39mmessage)[33
m.[39mtoBe([32m'Unauthorized: Only manager can perform billing 
actions'[39m)[33m;[39m
     [90m 221 |[39m   })[33m;[39m[0m

      at Object.toBe (tests/app.smoke.test.js:218:29)

  ● Backend deployment smoke › PUT /api/v1/restaurants/settings/invoice blocks 
manager access

    expect(received).toBe(expected) // Object.is equality

    Expected: 403
    Received: 500

    [0m [90m 240 |[39m       })[33m;[39m
     [90m 241 |[39m
    [31m[1m>[22m[39m[90m 242 |[39m     
expect(response[33m.[39mstatus)[33m.[39mtoBe([35m403[39m)[33m;[39m
     [90m     |[39m                             [31m[1m^[22m[39m
     [90m 243 |[39m     expect(response[33m.[39mbody[33m.[39msuccess)[33
m.[39mtoBe([36mfalse[39m)[33m;[39m
     [90m 244 |[39m   })[33m;[39m
     [90m 245 |[39m[0m

      at Object.toBe (tests/app.smoke.test.js:242:29)

  ● Backend deployment smoke › PUT /api/v1/restaurants/settings/invoice 
validates owner payloads before any write happens

    expect(received).toBe(expected) // Object.is equality

    Expected: 400
    Received: 500

    [0m [90m 263 |[39m       })[33m;[39m
     [90m 264 |[39m
    [31m[1m>[22m[39m[90m 265 |[39m     
expect(response[33m.[39mstatus)[33m.[39mtoBe([35m400[39m)[33m;[39m
     [90m     |[39m                             [31m[1m^[22m[39m
     [90m 266 |[39m     expect(response[33m.[39mbody[33m.[39msuccess)[33
m.[39mtoBe([36mfalse[39m)[33m;[39m
     [90m 267 |[39m     expect(response[33m.[39mbody[33m.[39mmessage)[33
m.[39mtoBe([32m'Validation error'[39m)[33m;[39m
     [90m 268 |[39m   })[33m;[39m[0m

      at Object.toBe (tests/app.smoke.test.js:265:29)

FAIL tests/security.routes.test.js
  ● Console

    console.log
      2026-04-11 12:04:05 [[33mwarn[39m]: [33mValidation failed:[39m {
        "service": "restaurant-saas-api",
        "details": [
          {
            "field": "name",
            "message": "\"name\" is required"
          },
          {
            "field": "phone",
            "message": "\"phone\" is required"
          },
          {
            "field": "confirmPassword",
            "message": "\"confirmPassword\" is required"
          },
          {
            "field": "city",
            "message": "\"city\" is required"
          }
        ]
      }

      at Console.log 
(node_modules/winston/lib/winston/transports/console.js:87:23)

    console.log
      2026-04-11 12:04:05 [[33mwarn[39m]: [33mValidation failed:[39m {
        "service": "restaurant-saas-api",
        "details": [
          {
            "field": "name",
            "message": "\"name\" is required"
          },
          {
            "field": "phone",
            "message": "\"phone\" is required"
          },
          {
            "field": "confirmPassword",
            "message": "\"confirmPassword\" is required"
          },
          {
            "field": "city",
            "message": "\"city\" is required"
          }
        ]
      }

      at Console.log 
(node_modules/winston/lib/winston/transports/console.js:87:23)

    console.log
      2026-04-11 12:04:05 [[32minfo[39m]: [32mUnified login attempt for: 
test@example.com, portal: admin[39m {
        "service": "restaurant-saas-api"
      }

      at Console.log 
(node_modules/winston/lib/winston/transports/console.js:87:23)

    console.log
      2026-04-11 12:04:05 [[32minfo[39m]: [32m✅ User found in auth: 
test-user[39m {
        "service": "restaurant-saas-api"
      }

      at Console.log 
(node_modules/winston/lib/winston/transports/console.js:87:23)

    console.log
      2026-04-11 12:04:05 [[33mwarn[39m]: [33mRestaurant not found by ID, 
searching by email: test@example.com[39m {
        "service": "restaurant-saas-api"
      }

      at Console.log 
(node_modules/winston/lib/winston/transports/console.js:87:23)

    console.log
      2026-04-11 12:04:05 [[32minfo[39m]: [32mAuth user not found in 
restaurants, checking users table...[39m {
        "service": "restaurant-saas-api"
      }

      at Console.log 
(node_modules/winston/lib/winston/transports/console.js:87:23)

    console.log
      2026-04-11 12:04:05 [[33mwarn[39m]: [33mUser not found by ID, 
searching by email: test@example.com[39m {
        "service": "restaurant-saas-api"
      }

      at Console.log 
(node_modules/winston/lib/winston/transports/console.js:87:23)

    console.log
      2026-04-11 12:04:05 [[33mwarn[39m]: [33mAuto-provisioning user on 
first login: test-user[39m {
        "service": "restaurant-saas-api"
      }

      at Console.log 
(node_modules/winston/lib/winston/transports/console.js:87:23)

    console.log
      2026-04-11 12:04:05 [[31merror[39m]: [31mUnified login error:[39m {
        "service": "restaurant-saas-api"
      }

      at Console.log 
(node_modules/winston/lib/winston/transports/console.js:87:23)

    console.log
      2026-04-11 12:04:05 [[31merror[39m]: [31mLogin failed[39m {
        "error": "User not found",
        "stack": "Error: User not found\n    at AuthService.login (D:\\Projects
\\restaurent_SaaS\\backend\\src\\services\\authService.js:322:15)\n    at 
processTicksAndRejections (node:internal/process/task_queues:103:5)\n    at D:\
\Projects\\restaurent_SaaS\\backend\\src\\controllers\\authController.js:86:20"
,
        "statusCode": 500,
        "endpoint": "/login",
        "method": "POST",
        "userId": null,
        "restaurantId": null,
        "orderId": null,
        "tableId": null,
        "action": "login",
        "service": "restaurant-saas-api"
      }

      at Console.log 
(node_modules/winston/lib/winston/transports/console.js:87:23)

    console.log
      2026-04-11 12:04:05 [[33mwarn[39m]: [33mLOGIN_ATTEMPT_FAILED[39m {
        "service": "restaurant-saas-api",
        "email": "test@example.com",
        "ip": "::ffff:127.0.0.1",
        "reason": "User not found"
      }

      at Console.log 
(node_modules/winston/lib/winston/transports/console.js:87:23)

    console.log
      2026-04-11 12:04:05 [[32minfo[39m]: [32mUnified login attempt for: 
test@test.com, portal: admin[39m {
        "service": "restaurant-saas-api"
      }

      at Console.log 
(node_modules/winston/lib/winston/transports/console.js:87:23)

    console.log
      2026-04-11 12:04:05 [[32minfo[39m]: [32m✅ User found in auth: 
test-user[39m {
        "service": "restaurant-saas-api"
      }

      at Console.log 
(node_modules/winston/lib/winston/transports/console.js:87:23)

    console.log
      2026-04-11 12:04:05 [[33mwarn[39m]: [33mRestaurant not found by ID, 
searching by email: test@test.com[39m {
        "service": "restaurant-saas-api"
      }

      at Console.log 
(node_modules/winston/lib/winston/transports/console.js:87:23)

    console.log
      2026-04-11 12:04:05 [[32minfo[39m]: [32mAuth user not found in 
restaurants, checking users table...[39m {
        "service": "restaurant-saas-api"
      }

      at Console.log 
(node_modules/winston/lib/winston/transports/console.js:87:23)

    console.log
      2026-04-11 12:04:05 [[33mwarn[39m]: [33mUser not found by ID, 
searching by email: test@test.com[39m {
        "service": "restaurant-saas-api"
      }

      at Console.log 
(node_modules/winston/lib/winston/transports/console.js:87:23)

    console.log
      2026-04-11 12:04:05 [[33mwarn[39m]: [33mAuto-provisioning user on 
first login: test-user[39m {
        "service": "restaurant-saas-api"
      }

      at Console.log 
(node_modules/winston/lib/winston/transports/console.js:87:23)

    console.log
      2026-04-11 12:04:05 [[31merror[39m]: [31mUnified login error:[39m {
        "service": "restaurant-saas-api"
      }

      at Console.log 
(node_modules/winston/lib/winston/transports/console.js:87:23)

    console.log
      2026-04-11 12:04:05 [[31merror[39m]: [31mLogin failed[39m {
        "error": "User not found",
        "stack": "Error: User not found\n    at AuthService.login (D:\\Projects
\\restaurent_SaaS\\backend\\src\\services\\authService.js:322:15)\n    at 
processTicksAndRejections (node:internal/process/task_queues:103:5)\n    at D:\
\Projects\\restaurent_SaaS\\backend\\src\\controllers\\authController.js:86:20"
,
        "statusCode": 500,
        "endpoint": "/login",
        "method": "POST",
        "userId": null,
        "restaurantId": null,
        "orderId": null,
        "tableId": null,
        "action": "login",
        "service": "restaurant-saas-api"
      }

      at Console.log 
(node_modules/winston/lib/winston/transports/console.js:87:23)

    console.log
      2026-04-11 12:04:05 [[33mwarn[39m]: [33mLOGIN_ATTEMPT_FAILED[39m {
        "service": "restaurant-saas-api",
        "email": "test@test.com",
        "ip": "::ffff:127.0.0.1",
        "reason": "User not found"
      }

      at Console.log 
(node_modules/winston/lib/winston/transports/console.js:87:23)

    console.log
      2026-04-11 12:04:05 [[32minfo[39m]: [32mUnified login attempt for: 
nonexistent@example.com, portal: admin[39m {
        "service": "restaurant-saas-api"
      }

      at Console.log 
(node_modules/winston/lib/winston/transports/console.js:87:23)

    console.log
      2026-04-11 12:04:05 [[32minfo[39m]: [32m✅ User found in auth: 
test-user[39m {
        "service": "restaurant-saas-api"
      }

      at Console.log 
(node_modules/winston/lib/winston/transports/console.js:87:23)

    console.log
      2026-04-11 12:04:05 [[33mwarn[39m]: [33mRestaurant not found by ID, 
searching by email: nonexistent@example.com[39m {
        "service": "restaurant-saas-api"
      }

      at Console.log 
(node_modules/winston/lib/winston/transports/console.js:87:23)

    console.log
      2026-04-11 12:04:05 [[32minfo[39m]: [32mAuth user not found in 
restaurants, checking users table...[39m {
        "service": "restaurant-saas-api"
      }

      at Console.log 
(node_modules/winston/lib/winston/transports/console.js:87:23)

    console.log
      2026-04-11 12:04:05 [[33mwarn[39m]: [33mUser not found by ID, 
searching by email: nonexistent@example.com[39m {
        "service": "restaurant-saas-api"
      }

      at Console.log 
(node_modules/winston/lib/winston/transports/console.js:87:23)

    console.log
      2026-04-11 12:04:05 [[33mwarn[39m]: [33mAuto-provisioning user on 
first login: test-user[39m {
        "service": "restaurant-saas-api"
      }

      at Console.log 
(node_modules/winston/lib/winston/transports/console.js:87:23)

    console.log
      2026-04-11 12:04:05 [[31merror[39m]: [31mUnified login error:[39m {
        "service": "restaurant-saas-api"
      }

      at Console.log 
(node_modules/winston/lib/winston/transports/console.js:87:23)

    console.log
      2026-04-11 12:04:05 [[31merror[39m]: [31mLogin failed[39m {
        "error": "User not found",
        "stack": "Error: User not found\n    at AuthService.login (D:\\Projects
\\restaurent_SaaS\\backend\\src\\services\\authService.js:322:15)\n    at 
processTicksAndRejections (node:internal/process/task_queues:103:5)\n    at D:\
\Projects\\restaurent_SaaS\\backend\\src\\controllers\\authController.js:86:20"
,
        "statusCode": 500,
        "endpoint": "/login",
        "method": "POST",
        "userId": null,
        "restaurantId": null,
        "orderId": null,
        "tableId": null,
        "action": "login",
        "service": "restaurant-saas-api"
      }

      at Console.log 
(node_modules/winston/lib/winston/transports/console.js:87:23)

    console.log
      2026-04-11 12:04:05 [[33mwarn[39m]: [33mLOGIN_ATTEMPT_FAILED[39m {
        "service": "restaurant-saas-api",
        "email": "nonexistent@example.com",
        "ip": "::ffff:127.0.0.1",
        "reason": "User not found"
      }

      at Console.log 
(node_modules/winston/lib/winston/transports/console.js:87:23)

  ● Security Routes - Input Validation › should reject menu item with 
excessive price

    expect(received).toBe(expected) // Object.is equality

    Expected: 400
    Received: 401

    [0m [90m 109 |[39m       })[33m;[39m
     [90m 110 |[39m
    [31m[1m>[22m[39m[90m 111 |[39m     
expect(res[33m.[39mstatusCode)[33m.[39mtoBe([35m400[39m)[33m;[39m
     [90m     |[39m                            [31m[1m^[22m[39m
     [90m 112 |[39m   })[33m;[39m
     [90m 113 |[39m
     [90m 114 |[39m   it([32m'should reject discount with invalid 
amount'[39m[33m,[39m [36masync[39m () [33m=>[39m {[0m

      at Object.toBe (tests/security.routes.test.js:111:28)

FAIL tests/order.service.test.js
  ● Console

    console.log
      ORDER: {
        restaurantId: 'rest-1',
        tableId: 'table-1',
        waiterId: undefined,
        phase: 'init'
      }

      at OrderService.log [as createOrder] 
(src/services/orderService.js:1596:15)

    console.log
      2026-04-11 12:04:06 [[31merror[39m]: [31m❌ Create order error: 
Restaurant not found[39m {
        "service": "restaurant-saas-api",
        "stack": "Error: Restaurant not found\n    at D:\\Projects\\restaurent_
SaaS\\backend\\src\\services\\orderService.js:233:26\n    at 
OrderService.getRestaurantTimezone (D:\\Projects\\restaurent_SaaS\\backend\\src
\\services\\orderService.js:249:12)\n    at async Promise.all (index 0)\n    
at OrderService.createOrder (D:\\Projects\\restaurent_SaaS\\backend\\src\\servi
ces\\orderService.js:1621:71)\n    at Object.<anonymous> 
(D:\\Projects\\restaurent_SaaS\\backend\\tests\\order.service.test.js:95:20)"
      }

      at Console.log 
(node_modules/winston/lib/winston/transports/console.js:87:23)

    console.log
      2026-04-11 12:04:06 [[31merror[39m]: [31mSettle order error: 
supabase.from(...).select is not a function[39m {
        "service": "restaurant-saas-api",
        "stack": "TypeError: supabase.from(...).select is not a function\n    
at OrderService.select [as settleOrder] (D:\\Projects\\restaurent_SaaS\\backend
\\src\\services\\orderService.js:2411:10)\n    at Object.<anonymous> 
(D:\\Projects\\restaurent_SaaS\\backend\\tests\\order.service.test.js:241:20)"
      }

      at Console.log 
(node_modules/winston/lib/winston/transports/console.js:87:23)

  ● OrderService stability › createOrder reuses the existing dine-in bill for 
the same table instead of creating a duplicate

    Restaurant not found

    [0m [90m 231 |[39m
     [90m 232 |[39m         [36mif[39m (error [33m||[39m 
[33m![39mrestaurant) {
    [31m[1m>[22m[39m[90m 233 |[39m           [36mthrow[39m error 
[33m||[39m [36mnew[39m [33mError[39m([32m'Restaurant not 
found'[39m)[33m;[39m
     [90m     |[39m                          [31m[1m^[22m[39m
     [90m 234 |[39m         }
     [90m 235 |[39m
     [90m 236 |[39m         [36mconst[39m timezone [33m=[39m 
restaurant[33m.[39mtimezone [33m||[39m 
[32m'Asia/Kolkata'[39m[33m;[39m[0m

      at src/services/orderService.js:233:26
      at OrderService.getRestaurantTimezone 
(src/services/orderService.js:249:12)
          at async Promise.all (index 0)
      at OrderService.createOrder (src/services/orderService.js:1621:71)
      at Object.<anonymous> (tests/order.service.test.js:95:20)

  ● OrderService stability › settleOrder allows cash settlement when loyalty 
rounds the payable amount down to zero

    TypeError: supabase.from(...).select is not a function

    [0m [90m 2409 |[39m       [36mconst[39m { data[33m:[39m 
currentOrder[33m,[39m error[33m:[39m checkError } [33m=[39m 
[36mawait[39m supabase
     [90m 2410 |[39m         [33m.[39m[36mfrom[39m([32m'orders'[39m)
    [31m[1m>[22m[39m[90m 2411 |[39m         
[33m.[39mselect([32m'invoice_number'[39m)
     [90m      |[39m          [31m[1m^[22m[39m
     [90m 2412 |[39m         [33m.[39meq([32m'id'[39m[33m,[39m orderId)
     [90m 2413 |[39m         
[33m.[39meq([32m'restaurant_id'[39m[33m,[39m restaurantId)
     [90m 2414 |[39m         [33m.[39msingle()[33m;[39m[0m

      at OrderService.select [as settleOrder] 
(src/services/orderService.js:2411:10)
      at Object.<anonymous> (tests/order.service.test.js:241:20)

PASS tests/inventory.service.test.js
  ● Console

    console.log
      2026-04-11 12:04:06 [[31merror[39m]: [31mAdjust stock error: Cannot 
decrease stock below zero[39m {
        "service": "restaurant-saas-api",
        "stack": "Error: Cannot decrease stock below zero\n    at 
InventoryService.adjustStock (D:\\Projects\\restaurent_SaaS\\backend\\src\\serv
ices\\inventoryService.js:254:19)\n    at Object.<anonymous> (D:\\Projects\\res
taurent_SaaS\\backend\\tests\\inventory.service.test.js:70:5)"
      }

      at Console.log 
(node_modules/winston/lib/winston/transports/console.js:87:23)

    console.log
      2026-04-11 12:04:06 [[31merror[39m]: [31mUpdate inventory item error: 
Inventory unit must stay within the same measurement type[39m {
        "service": "restaurant-saas-api",
        "stack": "Error: Inventory unit must stay within the same measurement 
type\n    at InventoryService.updateInventoryItem (D:\\Projects\\restaurent_Saa
S\\backend\\src\\services\\inventoryService.js:146:15)\n    at 
Object.<anonymous> (D:\\Projects\\restaurent_SaaS\\backend\\tests\\inventory.se
rvice.test.js:93:5)"
      }

      at Console.log 
(node_modules/winston/lib/winston/transports/console.js:87:23)

PASS tests/analytics.service.test.js
-----------------------------|---------|----------|---------|---------|------------------------------------------------------------------------------------------------------------------------------------------------------------------------------------------------------------------------------------------------------------------------------------------------------------------------------------------------------------------------------------------------------------------------------------------
File                         | % Stmts | % Branch | % Funcs | % Lines | Uncovered Line #s                                                                                                                                                                                                                                                                                                                                                                                                                        
-----------------------------|---------|----------|---------|---------|------------------------------------------------------------------------------------------------------------------------------------------------------------------------------------------------------------------------------------------------------------------------------------------------------------------------------------------------------------------------------------------------------------------------------------------
All files                    |   21.06 |    15.61 |   17.79 |   21.89 |                                                                                                                                                                                                                                                                                                                                                                                                                                          
 src                         |   87.17 |    72.09 |    90.9 |   87.17 |                                                                                                                                                                                                                                                                                                                                                                                                                                          
  app.js                     |   87.17 |    72.09 |    90.9 |   87.17 | 70-84,109                                                                                                                                                                                                                                                                                                                                                                                                                                
 src/constants               |     100 |       50 |     100 |     100 |                                                                                                                                                                                                                                                                                                                                                                                                                                          
  index.js                   |     100 |       50 |     100 |     100 | 20-21                                                                                                                                                                                                                                                                                                                                                                                                                                    
 src/controllers             |   12.09 |     0.94 |    1.43 |   12.12 |                                                                                                                                                                                                                                                                                                                                                                                                                                          
  activityController.js      |    4.54 |        0 |       0 |    4.54 | 8-25,29-75,79-120                                                                                                                                                                                                                                                                                                                                                                                                                        
  analyticsController.js     |    7.69 |        0 |       0 |    7.69 | 7-12,16-32,36-41,45-48,52-55,59-60,65-96,100-128,132-162,166-196,200-230,234-269,273-303,307-336                                                                                                                                                                                                                                                                                                                                         
  authController.js          |   27.27 |    31.57 |   22.22 |   27.27 | 9-35,39-68,76-83,87-104,127-142,146-167,172-182,186-188,196-205,212                                                                                                                                                                                                                                                                                                                                                                      
  developerController.js     |    32.5 |        0 |       0 |    32.5 | 6-7,11-13,17-18,22-23,27-28,32-33,37-38,42-43,47-48,52-53,57-58,62-63,67-68                                                                                                                                                                                                                                                                                                                                                              
  inventoryController.js     |   29.16 |        0 |       0 |   29.16 | 7-9,13-15,19-21,25-26,30-31,35-36,40-41                                                                                                                                                                                                                                                                                                                                                                                                  
  kitchenController.js       |   13.63 |        0 |       0 |   13.63 | 9-27,33-42,46-88,93-131,136-138,143-147                                                                                                                                                                                                                                                                                                                                                                                                  
  menuController.js          |   18.86 |        0 |       0 |   18.86 | 9-11,15-31,35-39,43-47,52-61,65-93,97-101,105-120,124-128,132-137                                                                                                                                                                                                                                                                                                                                                                        
  orderController.js         |    6.32 |        0 |       0 |    6.34 | 16-364,368-464,469-486,495-499,503-536,541-561,566-590,595-596,600-612,616-625,629-675,680-711,715-754,759-804,809-900,905-931,935-936,940-945,949-955,959-967,971-979,983-987                                                                                                                                                                                                                                                           
  passwordResetController.js |   13.04 |        0 |       0 |   13.04 | 11-19,26-34,41-54                                                                                                                                                                                                                                                                                                                                                                                                                        
  restaurantController.js    |   15.38 |        0 |       0 |   15.62 | 8-11,15-17,21-23,27-29,33-35,39-49,53-57,61-87,91-127,131-133                                                                                                                                                                                                                                                                                                                                                                            
  tableController.js         |   16.94 |        0 |       0 |   16.94 | 8-30,35-36,40-47,51-53,57-95,100-102,106-109,113-116,120-161,166-172                                                                                                                                                                                                                                                                                                                                                                     
  takeawayController.js      |      20 |      100 |       0 |      20 | 6-20                                                                                                                                                                                                                                                                                                                                                                                                                                     
 src/middleware              |   48.25 |    37.14 |   50.41 |   48.05 |                                                                                                                                                                                                                                                                                                                                                                                                                                          
  auth.js                    |   67.39 |       60 |   83.33 |   67.39 | 13,17,32,45,56,70-84                                                                                                                                                                                                                                                                                                                                                                                                                     
  dataIsolation.js           |   26.66 |     7.14 |   11.11 |   26.66 | 5-11,21-30,37-71,76-77,86-91                                                                                                                                                                                                                                                                                                                                                                                                             
  errorHandler.js            |   54.71 |    59.39 |      50 |   55.76 | 7,11,30-31,38-40,47-48,57,69,80,91,102,114,125,138,149,162,196,201,215-216                                                                                                                                                                                                                                                                                                                                                               
  monitoring.js              |   79.54 |     62.5 |      50 |   79.54 | 28,58-71,101,114,121-122                                                                                                                                                                                                                                                                                                                                                                                                                 
  multiTenantValidation.js   |   13.51 |        0 |       0 |   13.51 | 12-26,39-53,66-80,93-106,121-126                                                                                                                                                                                                                                                                                                                                                                                                         
  performanceMiddleware.js   |      50 |    41.66 |      60 |      50 | 15,41-65                                                                                                                                                                                                                                                                                                                                                                                                                                 
  rateLimit.js               |   41.66 |       25 |      20 |   36.36 | 15-16,31-32,46-50                                                                                                                                                                                                                                                                                                                                                                                                                        
  rateLimiter.js             |   83.33 |    45.45 |    87.5 |   84.61 | 26,34-35,47,70-77                                                                                                                                                                                                                                                                                                                                                                                                                        
  requestId.js               |     100 |      100 |     100 |     100 |                                                                                                                                                                                                                                                                                                                                                                                                                                          
  securityEnforcement.js     |   48.03 |    32.23 |      75 |    45.9 | 28,32-38,42-47,62,72-79,84-91,96-103,116-118,124-126,132-134,139-141,147-149,158-162,181-187,202-223,233,240-243,248-254,269-292,308,321-323                                                                                                                                                                                                                                                                                             
  securityHeaders.js         |      50 |    15.38 |      60 |   51.21 | 27,62-85,98-113                                                                                                                                                                                                                                                                                                                                                                                                                          
  systemAccess.js            |   57.81 |     37.5 |    87.5 |   57.81 | 47-49,55,66-70,78,96,107,124,133-143,151,161-173                                                                                                                                                                                                                                                                                                                                                                                         
  tenantIsolation.js         |   16.25 |        0 |   38.46 |   15.38 | 6-43,49-73,80-99,109-120,127-138,144-159                                                                                                                                                                                                                                                                                                                                                                                                 
  timeout.js                 |   47.36 |     8.33 |   29.41 |      50 | 8-24,36,52-56,63-66,72-90                                                                                                                                                                                                                                                                                                                                                                                                                
  validation.js              |   37.83 |    33.33 |   44.44 |   38.23 | 27-28,35-53,59-78                                                                                                                                                                                                                                                                                                                                                                                                                        
 src/routes                  |   36.26 |     1.21 |    4.25 |   36.34 |                                                                                                                                                                                                                                                                                                                                                                                                                                          
  activity.js                |   45.45 |        0 |       0 |   45.45 | 14-20,26-32,38-44                                                                                                                                                                                                                                                                                                                                                                                                                        
  analytics.js               |     100 |      100 |     100 |     100 |                                                                                                                                                                                                                                                                                                                                                                                                                                          
  auth.js                    |   44.44 |       20 |   33.33 |   44.44 | 22-41,51,59-60,65-84,96,107-126                                                                                                                                                                                                                                                                                                                                                                                                          
  customer.js                |     7.6 |        0 |       0 |    7.69 | 19-30,38-116,126-147,158-293,302-337,346-377                                                                                                                                                                                                                                                                                                                                                                                             
  developer.js               |    37.5 |        0 |       0 |    37.5 | 25-42,47-64,68-84,89-105,109-126                                                                                                                                                                                                                                                                                                                                                                                                         
  health.js                  |   16.07 |        0 |       0 |   16.07 | 10-78,88-106,114-124,132-143                                                                                                                                                                                                                                                                                                                                                                                                             
  index.js                   |   94.44 |       50 |       0 |   94.44 | 54                                                                                                                                                                                                                                                                                                                                                                                                                                       
  inventory.js               |   47.36 |        0 |       0 |   47.36 | 24-38,42-56                                                                                                                                                                                                                                                                                                                                                                                                                              
  kitchen.js                 |   34.78 |        0 |       0 |   34.78 | 21-35,39-52,56-69                                                                                                                                                                                                                                                                                                                                                                                                                        
  menu.js                    |   35.29 |        0 |       0 |   35.29 | 25-42,48-67,73-92,96-113                                                                                                                                                                                                                                                                                                                                                                                                                 
  order.js                   |      48 |        0 |       0 |      48 | 25-28,45-63,67-102,111-129,133-151                                                                                                                                                                                                                                                                                                                                                                                                       
  restaurant.js              |    37.5 |        0 |       0 |    37.5 | 33-51,56-70,74-91,95-112                                                                                                                                                                                                                                                                                                                                                                                                                 
  table.js                   |   68.75 |        0 |       0 |   68.75 | 28-45                                                                                                                                                                                                                                                                                                                                                                                                                                    
  takeaway.js                |   28.57 |        0 |       0 |   28.57 | 11-25,30-46                                                                                                                                                                                                                                                                                                                                                                                                                              
 src/schemas                 |     100 |      100 |     100 |     100 |                                                                                                                                                                                                                                                                                                                                                                                                                                          
  auth.schema.js             |     100 |      100 |     100 |     100 |                                                                                                                                                                                                                                                                                                                                                                                                                                          
  developer.schema.js        |     100 |      100 |     100 |     100 |                                                                                                                                                                                                                                                                                                                                                                                                                                          
  inventory.schema.js        |     100 |      100 |     100 |     100 |                                                                                                                                                                                                                                                                                                                                                                                                                                          
  menu.schema.js             |     100 |      100 |     100 |     100 |                                                                                                                                                                                                                                                                                                                                                                                                                                          
  order.schema.js            |     100 |      100 |     100 |     100 |                                                                                                                                                                                                                                                                                                                                                                                                                                          
  restaurant.schema.js       |     100 |      100 |     100 |     100 |                                                                                                                                                                                                                                                                                                                                                                                                                                          
 src/services                |   12.57 |    12.48 |   14.45 |   13.34 |                                                                                                                                                                                                                                                                                                                                                                                                                                          
  activityService.js         |    2.32 |        0 |       0 |    2.43 | 9-128                                                                                                                                                                                                                                                                                                                                                                                                                                    
  alertService.js            |    7.01 |        0 |    4.34 |    7.54 | 18-200                                                                                                                                                                                                                                                                                                                                                                                                                                   
  analyticsService.js        |    8.75 |     5.46 |   11.49 |    8.37 | 7-54,74-730,744,753,818-1081                                                                                                                                                                                                                                                                                                                                                                                                             
  authService.js             |   13.14 |    14.07 |   10.52 |   13.69 | 26-203,219-220,224-225,252-266,315-316,325-355,371-790,798-808,832                                                                                                                                                                                                                                                                                                                                                                       
  developerService.js        |    0.61 |        0 |       0 |    0.72 | 9-615                                                                                                                                                                                                                                                                                                                                                                                                                                    
  inventoryService.js        |   34.53 |     20.5 |   36.36 |   35.29 | 12,33-136,149-193,213-230,256-262,278,302-481,496,522,532,541,554,564-565,587,617-618                                                                                                                                                                                                                                                                                                                                                    
  invoiceService.js          |       4 |        0 |       0 |       4 | 10-160                                                                                                                                                                                                                                                                                                                                                                                                                                   
  maintenanceService.js      |      35 |    11.11 |   28.57 |   37.83 | 25-36,46-93                                                                                                                                                                                                                                                                                                                                                                                                                              
  menuService.js             |       0 |        0 |       0 |       0 | 7-347                                                                                                                                                                                                                                                                                                                                                                                                                                    
  orderService.js            |   19.82 |    20.94 |    23.5 |   20.62 | 47-81,88,92,96,113-127,139,155-160,181,201-209,216,221,236-242,265,270,285,291-309,337,348,353,366,370,376-386,410-620,697,717-718,771-774,781-784,793-996,1015,1023,1032-1057,1065,1070,1082,1090,1102-1107,1115-1146,1185-1212,1224-1233,1253,1258,1275,1292,1311,1320,1327-1358,1409,1431,1488-1570,1578-1588,1592-1593,1600-1601,1631-1891,1899-2245,2262,2268,2272,2278-2279,2284,2300,2320,2349,2380,2393-2399,2416-2591,2623-4485 
  passwordResetService.js    |       0 |        0 |       0 |       0 | 14-150                                                                                                                                                                                                                                                                                                                                                                                                                                   
  restaurantService.js       |       0 |        0 |       0 |       0 | 9-1196                                                                                                                                                                                                                                                                                                                                                                                                                                   
  tableService.js            |    1.73 |     1.05 |    2.27 |    1.94 | 8-45,57-752                                                                                                                                                                                                                                                                                                                                                                                                                              
  takeawayService.js         |   14.28 |        0 |       0 |   14.28 | 5-28                                                                                                                                                                                                                                                                                                                                                                                                                                     
 src/utils                   |   26.51 |    31.28 |   17.73 |   27.48 |                                                                                                                                                                                                                                                                                                                                                                                                                                          
  apiResponse.js             |   33.33 |    27.58 |   33.33 |   33.33 | 3-6,11-14,21                                                                                                                                                                                                                                                                                                                                                                                                                             
  cacheManager.js            |    6.81 |        0 |   11.11 |     8.1 | 11-78                                                                                                                                                                                                                                                                                                                                                                                                                                    
  emailService.js            |    9.09 |     9.09 |       0 |    9.09 | 17-112                                                                                                                                                                                                                                                                                                                                                                                                                                   
  errorCodes.js              |     100 |      100 |     100 |     100 |                                                                                                                                                                                                                                                                                                                                                                                                                                          
  inventoryUnits.js          |   85.71 |     62.5 |     100 |   85.71 | 42,55,67                                                                                                                                                                                                                                                                                                                                                                                                                                 
  kotMetadata.js             |   58.33 |    79.24 |   55.55 |   58.33 | 171,188,208-212,226,234-251                                                                                                                                                                                                                                                                                                                                                                                                              
  logger.js                  |   62.85 |    15.62 |    9.09 |   62.85 | 8,103,112,119,126,133-134,144-145,156,167,176,185                                                                                                                                                                                                                                                                                                                                                                                        
  orderDisplay.js            |      25 |        0 |       0 |   25.92 | 11,20-29,39-69,78-88,104-105,114-128,138                                                                                                                                                                                                                                                                                                                                                                                                 
  otpService.js              |    9.43 |        0 |       0 |    9.43 | 22-146                                                                                                                                                                                                                                                                                                                                                                                                                                   
  passwordSecurity.js        |   17.18 |        0 |       0 |   17.46 | 9-26,31-40,45-76,83-105,110,119,127,135                                                                                                                                                                                                                                                                                                                                                                                                  
  performanceMonitor.js      |   16.32 |     14.7 |   15.38 |    18.6 | 32,36-125                                                                                                                                                                                                                                                                                                                                                                                                                                
  productionSafety.js        |    5.55 |        0 |      10 |    6.12 | 16-121                                                                                                                                                                                                                                                                                                                                                                                                                                   
  realtimeEvents.js          |     3.7 |        0 |       0 |     3.7 | 4-64                                                                                                                                                                                                                                                                                                                                                                                                                                     
  sanitizer.js               |      75 |     87.5 |   33.33 |      75 | 9,24,28-29                                                                                                                                                                                                                                                                                                                                                                                                                               
  securityAudit.js           |   10.52 |     9.67 |    6.66 |   10.52 | 15-156                                                                                                                                                                                                                                                                                                                                                                                                                                   
  sqlInjectionPrevention.js  |   40.57 |    40.32 |   57.14 |   40.57 | 26,40,48-77,81-86,94-117,123-132,143-151,167-175                                                                                                                                                                                                                                                                                                                                                                                         
  structuredLogging.js       |   51.28 |     19.4 |    37.5 |   51.28 | 45-47,69-73,96-98,139-140,151-176                                                                                                                                                                                                                                                                                                                                                                                                        
  tokenManager.js            |   13.46 |     6.66 |       0 |   14.14 | 26-34,45-53,64-79,87-124,132-169,177-194,202-215,224-271,279-291,300-346                                                                                                                                                                                                                                                                                                                                                                 
-----------------------------|---------|----------|---------|---------|------------------------------------------------------------------------------------------------------------------------------------------------------------------------------------------------------------------------------------------------------------------------------------------------------------------------------------------------------------------------------------------------------------------------------------------

Test Suites: 3 failed, 2 passed, 5 total
Tests:       14 failed, 33 passed, 47 total
Snapshots:   0 total
Time:        3.873 s, estimated 4 s
Ran all test suites.
Jest did not exit one second after the test run has completed.

'This usually means that there are asynchronous operations that weren't 
stopped in your tests. Consider running Jest with `--detectOpenHandles` to 
troubleshoot this issue.
